Microchip MPLAB XC8 Compiler V1.36 ()

Linker command line:

-W-3 --edf=C:\Program Files (x86)\Microchip\xc8\v1.36\dat\en_msgs.txt -cs \
  -h+dist/default/production\water_flow_sensor.X.production.sym \
  --cmf=dist/default/production\water_flow_sensor.X.production.cmf -z \
  -Q16F628A -oC:\Users\DELL\AppData\Local\Temp\sf08.2 \
  -Mdist/default/production/water_flow_sensor.X.production.map -E1 -ver=XC8 \
  -ASTACK=0A0h-0efh -pstack=STACK -ACODE=00h-07FFh -ASTRCODE=00h-07FFh \
  -ASTRING=00h-0FFhx8 -ACONST=00h-0FFhx8 -AENTRY=00h-0FFhx8 \
  -ACOMMON=070h-07Fh -ABANK0=020h-06Fh -ABANK1=0A0h-0EFh \
  -ABANK2=0120h-014Fh -ARAM=020h-06Fh,0A0h-0EFh,0120h-014Fh \
  -AABS1=020h-07Fh,0A0h-0EFh,0120h-014Fh -ASFR0=00h-01Fh -ASFR1=080h-09Fh \
  -ASFR2=0100h-011Fh -ASFR3=0180h-01EFh \
  -preset_vec=00h,intentry=04h,init,end_init -ppowerup=CODE -pcinit=CODE \
  -pfunctab=CODE -ACONFIG=02007h-02007h -pconfig=CONFIG -DCONFIG=2 \
  -AIDLOC=02000h-02003h -pidloc=IDLOC -DIDLOC=2 -AEEDATA=00h-07Fh/02100h \
  -peeprom_data=EEDATA -DEEDATA=2 -DCODE=2 -DSTRCODE=2 -DSTRING=2 -DCONST=2 \
  -DENTRY=2 -k C:\Users\DELL\AppData\Local\Temp\sf08.obj \
  dist/default/production\water_flow_sensor.X.production.obj 

Object code version is 3.11

Machine type is 16F628A



                Name                               Link     Load   Length Selector   Space Scale
C:\Users\DELL\AppData\Local\Temp\sf08.obj
                end_init                             10       10        1        8       0
                reset_vec                             0        0        1        0       0
                idloc                              2000     2000        4     4000       0
                config                             2007     2007        1     400E       0
dist/default/production\water_flow_sensor.X.production.obj
                cinit                                11       11       1D        8       0
                intentry                              4        4        C        8       0
                text15                               EB       EB       8A        8       0
                text14                              30B      30B        8        8       0
                text13                              319      319        4      632       0
                text12                              2B3      2B3       15        8       0
                text11                              261      261       23        8       0
                text10                              215      215       29        8       0
                text9                               2F0      2F0        A        8       0
                text8                               2E6      2E6        A        8       0
                text7                               175      175       5B        8       0
                text6                               29E      29E       15        8       0
                text5                               23E      23E       23        8       0
                text4                               1D0      1D0       45        8       0
                text3                               284      284       1A        8       0
                text2                               2D7      2D7        F        8       0
                text1                               2C8      2C8        F        8       0
                swtext1                             313      313        6      626       0
                maintext                             2E       2E       BD        8       0
                cstackBANK0                          37       37        F       20       1
                cstackCOMMON                         70       70        A       70       1
                clrtext                             303      303        8        8       0
                dataBANK0                            46       46        9       20       1
                bssBANK0                             20       20       17       20       1
                bssCOMMON                            7A       7A        4       70       1
                nvBANK0                              4F       4F        5       20       1
                idataBANK0                          2FA      2FA        9        8       0

TOTAL           Name                               Link     Load   Length     Space
        CLASS   STACK          

        CLASS   CODE           
                end_init                             10       10        1         0
                cinit                                11       11       1D         0
                intentry                              4        4        C         0
                reset_vec                             0        0        1         0
                text15                               EB       EB       8A         0
                text14                              30B      30B        8         0
                text13                              319      319        4         0
                text12                              2B3      2B3       15         0
                text11                              261      261       23         0
                text10                              215      215       29         0
                text9                               2F0      2F0        A         0
                text8                               2E6      2E6        A         0
                text7                               175      175       5B         0
                text6                               29E      29E       15         0
                text5                               23E      23E       23         0
                text4                               1D0      1D0       45         0
                text3                               284      284       1A         0
                text2                               2D7      2D7        F         0
                text1                               2C8      2C8        F         0
                maintext                             2E       2E       BD         0
                clrtext                             303      303        8         0
                idataBANK0                          2FA      2FA        9         0

        CLASS   STRCODE        

        CLASS   STRING         

        CLASS   CONST          
                swtext1                             313      313        6         0

        CLASS   ENTRY          

        CLASS   COMMON         
                cstackCOMMON                         70       70        A         1
                bssCOMMON                            7A       7A        4         1

        CLASS   BANK0          
                cstackBANK0                          37       37        F         1
                dataBANK0                            46       46        9         1
                bssBANK0                             20       20       17         1
                nvBANK0                              4F       4F        5         1

        CLASS   BANK1          

        CLASS   BANK2          

        CLASS   RAM            

        CLASS   ABS1           
                abs_s1                               7E       7E        2         1

        CLASS   SFR0           

        CLASS   SFR1           

        CLASS   SFR2           

        CLASS   SFR3           

        CLASS   CONFIG         
                config                             2007     2007        1         0

        CLASS   IDLOC          
                idloc                              2000     2000        4         0

        CLASS   EEDATA         

        CLASS   BANK3          



SEGMENTS        Name                           Load    Length   Top    Selector   Space  Class     Delta

                reset_vec                      000000  000001  000001         0       0  CODE        2
                intentry                       000004  00030F  000313         8       0  CODE        2
                bssBANK0                       000020  000034  000054        20       1  BANK0       1
                cstackCOMMON                   000070  00000E  00007E        70       1  COMMON      1
                swtext1                        000313  000006  000319       626       0  CONST       2
                text13                         000319  000004  00031D       632       0  CODE        2
                idloc                          002000  000004  002004      4000       0  IDLOC       2
                config                         002007  000001  002008      400E       0  CONFIG      2


UNUSED ADDRESS RANGES

        Name                Unused          Largest block    Delta
        BANK0            0054-006F             1C           1
        BANK1            00A0-00EF             50           1
        BANK2            0120-014F             30           1
        CODE             0001-0003              3           2
                         031D-07FF            4E3
        CONST            0001-0003              3           2
                         031D-07FF            100
        EEDATA           2100-217F             80           2
        ENTRY            0001-0003              3           2
                         031D-07FF            100
        RAM              0054-006F             1C           1
                         00A0-00EF             50
                         0120-014F             30
        SFR0             0000-001F             20           1
        SFR1             0080-009F             20           1
        SFR2             0100-011F             20           1
        SFR3             0180-01EF             70           1
        STACK            00A0-00EF             50           1
        STRCODE          0001-0003              3           2
                         031D-07FF            4E3
        STRING           0001-0003              3           2
                         031D-07FF            100

                                  Symbol Table

?___awdiv                     cstackBANK0  0037
Delay_ms@delay                cstackBANK0  0037
Delay_ms@i                    cstackBANK0  0039
Delay_ms@j                    cstackBANK0  003B
ReadEEPROM@address            cstackBANK0  0037
RelayOn@flag                  cstackBANK0  0037
SetTimer1_ms@time             cstackBANK0  0040
WriteEEPROM@address           cstackBANK0  0038
WriteEEPROM@data              cstackBANK0  0037
_CMCON                        (abs)        001F
_Delay_ms                     text10       0215
_EEADR                        (abs)        009B
_EECON1bits                   (abs)        009C
_EECON2                       (abs)        009D
_EEDATA                       (abs)        009A
_GIE                          (abs)        005F
_INTCONbits                   (abs)        000B
_ISR                          text11       0261
_InitSystem                   text4        01D0
_MAX_COUNTER_AUTO_0           nvBANK0      004F
_MAX_COUNTER_AUTO_1           nvBANK0      0051
_OPTION_REGbits               (abs)        0081
_PEIE                         (abs)        005E
_PIR1bits                     (abs)        000C
_PORTA                        (abs)        0005
_PORTAbits                    (abs)        0005
_PORTB                        (abs)        0006
_ReadEEPROM                   text9        02F0
_RelayOn                      text8        02E6
_SetTimer1_ms                 text6        029E
_T1CONbits                    (abs)        0010
_TMR1                         (abs)        000E
_TMR1IE                       (abs)        0460
_TMR1IF                       (abs)        0060
_TRISA                        (abs)        0085
_TRISB                        (abs)        0086
_WriteEEPROM                  text3        0284
__CFG_BOREN$OFF               (abs)        0000
__CFG_CP$OFF                  (abs)        0000
__CFG_CPD$OFF                 (abs)        0000
__CFG_FOSC$INTOSCIO           (abs)        0000
__CFG_LVP$OFF                 (abs)        0000
__CFG_MCLRE$OFF               (abs)        0000
__CFG_PWRTE$OFF               (abs)        0000
__CFG_WDTE$OFF                (abs)        0000
__Habs1                       abs1         0000
__Hbank0                      bank0        0000
__Hbank1                      bank1        0000
__Hbank2                      bank2        0000
__Hbank3                      bank3        0000
__HbssBANK0                   bssBANK0     0000
__HbssCOMMON                  bssCOMMON    0000
__Hcinit                      cinit        002E
__Hclrtext                    clrtext      0000
__Hcode                       code         0000
__Hcommon                     common       0000
__Hconfig                     config       2008
__HcstackBANK0                cstackBANK0  0000
__HcstackCOMMON               cstackCOMMON 0000
__HdataBANK0                  dataBANK0    0000
__Heeprom_data                eeprom_data  0000
__Hend_init                   end_init     0011
__Hfunctab                    functab      0000
__HidataBANK0                 idataBANK0   0000
__Hidloc                      idloc        2004
__Hinit                       init         0010
__Hintentry                   intentry     0010
__Hmaintext                   maintext     0000
__HnvBANK0                    nvBANK0      0000
__Hpowerup                    powerup      0000
__Hram                        ram          0000
__Hreset_vec                  reset_vec    0001
__Hsfr0                       sfr0         0000
__Hsfr1                       sfr1         0000
__Hsfr2                       sfr2         0000
__Hsfr3                       sfr3         0000
__Hspace_0                    (abs)        2008
__Hspace_1                    (abs)        007E
__Hspace_2                    (abs)        0000
__Hspace_3                    (abs)        0000
__Hstack                      stack        0000
__Hstrings                    strings      0000
__Htext                       text         0000
__Labs1                       abs1         0000
__Lbank0                      bank0        0000
__Lbank1                      bank1        0000
__Lbank2                      bank2        0000
__Lbank3                      bank3        0000
__LbssBANK0                   bssBANK0     0000
__LbssCOMMON                  bssCOMMON    0000
__Lcinit                      cinit        0011
__Lclrtext                    clrtext      0000
__Lcode                       code         0000
__Lcommon                     common       0000
__Lconfig                     config       2007
__LcstackBANK0                cstackBANK0  0000
__LcstackCOMMON               cstackCOMMON 0000
__LdataBANK0                  dataBANK0    0000
__Leeprom_data                eeprom_data  0000
__Lend_init                   end_init     0010
__Lfunctab                    functab      0000
__LidataBANK0                 idataBANK0   0000
__Lidloc                      idloc        2000
__Linit                       init         0010
__Lintentry                   intentry     0004
__Lmaintext                   maintext     0000
__LnvBANK0                    nvBANK0      0000
__Lpowerup                    powerup      0000
__Lram                        ram          0000
__Lreset_vec                  reset_vec    0000
__Lsfr0                       sfr0         0000
__Lsfr1                       sfr1         0000
__Lsfr2                       sfr2         0000
__Lsfr3                       sfr3         0000
__Lspace_0                    (abs)        0000
__Lspace_1                    (abs)        0000
__Lspace_2                    (abs)        0000
__Lspace_3                    (abs)        0000
__Lstack                      stack        0000
__Lstrings                    strings      0000
__Ltext                       text         0000
__S0                          (abs)        2008
__S1                          (abs)        007E
__S2                          (abs)        0000
__S3                          (abs)        0000
___awdiv                      text7        0175
___awdiv@counter              cstackBANK0  003C
___awdiv@dividend             cstackBANK0  0039
___awdiv@divisor              cstackBANK0  0037
___awdiv@quotient             cstackBANK0  003E
___awdiv@sign                 cstackBANK0  003D
___int_sp                     stack        0000
___latbits                    (abs)        0000
___sp                         stack        0000
__end_of_Delay_ms             text10       023E
__end_of_ISR                  text11       0284
__end_of_InitSystem           text4        0215
__end_of_ReadEEPROM           text9        02FA
__end_of_RelayOn              text8        02F0
__end_of_SetTimer1_ms         text6        02B3
__end_of_WriteEEPROM          text3        029E
__end_of___awdiv              text7        01D0
__end_of__initialization      cinit        002C
__end_of_button_reading       text15       0175
__end_of_init_timer1          text5        0261
__end_of_is_button_pressed    text2        02E6
__end_of_is_button_pressed_s  text1        02D7
__end_of_main                 maintext     00EB
__end_of_start_timer1         text14       0313
__end_of_stop_timer1          text13       031D
__end_of_timer1_isr           text12       02C8
__initialization              cinit        0011
__pbssBANK0                   bssBANK0     0020
__pbssCOMMON                  bssCOMMON    007A
__pcstackBANK0                cstackBANK0  0037
__pcstackCOMMON               cstackCOMMON 0070
__pdataBANK0                  dataBANK0    0046
__pidataBANK0                 idataBANK0   02FA
__pintentry                   intentry     0004
__pmaintext                   maintext     002E
__pnvBANK0                    nvBANK0      004F
__pswtext1                    swtext1      0313
__ptext1                      text1        02C8
__ptext10                     text10       0215
__ptext11                     text11       0261
__ptext12                     text12       02B3
__ptext13                     text13       0319
__ptext14                     text14       030B
__ptext15                     text15       00EB
__ptext2                      text2        02D7
__ptext3                      text3        0284
__ptext4                      text4        01D0
__ptext5                      text5        023E
__ptext6                      text6        029E
__ptext7                      text7        0175
__ptext8                      text8        02E6
__ptext9                      text9        02F0
__size_of_Delay_ms            (abs)        0000
__size_of_ISR                 (abs)        0000
__size_of_InitSystem          (abs)        0000
__size_of_ReadEEPROM          (abs)        0000
__size_of_RelayOn             (abs)        0000
__size_of_SetTimer1_ms        (abs)        0000
__size_of_WriteEEPROM         (abs)        0000
__size_of___awdiv             (abs)        0000
__size_of_button_reading      (abs)        0000
__size_of_init_timer1         (abs)        0000
__size_of_is_button_pressed   (abs)        0000
__size_of_is_button_pressed_s (abs)        0000
__size_of_main                (abs)        0000
__size_of_start_timer1        (abs)        0000
__size_of_stop_timer1         (abs)        0000
__size_of_timer1_isr          (abs)        0000
_addressEEPROM_AUTO_0         bssBANK0     0033
_addressEEPROM_AUTO_1         dataBANK0    004E
_brewing_counter              bssBANK0     0034
_buttonBuffer                 dataBANK0    0046
_buttonInputMask              dataBANK0    0049
_button_reading               text15       00EB
_button_reading$326           cstackCOMMON 0073
_cleaning_counter             nvBANK0      0053
_counterForButtonPress        bssBANK0     0020
_debounceButtonBuffer1        bssCOMMON    007A
_debounceButtonBuffer2        bssBANK0     0026
_flagForButtonPress           bssBANK0     0029
_flagForButtonPress_s         bssBANK0     002C
_flag_timer1                  bssBANK0     0035
_init_timer1                  text5        023E
_is_button_pressed            text2        02D7
_is_button_pressed_s          text1        02C8
_main                         maintext     002E
_mode                         bssBANK0     0036
_start_timer1                 text14       030B
_stop_timer1                  text13       0319
_time1_MUL                    dataBANK0    004C
_timer1_cnt                   bssBANK0     002F
_timer1_isr                   text12       02B3
_timer1_value                 bssBANK0     0031
btemp                         (abs)        007E
button_reading@i              cstackCOMMON 0074
clear_ram0                    clrtext      0303
end_of_initialization         cinit        002C
init_timer1@count             cstackBANK0  0037
interrupt_function            intentry     0004
intlevel0                     functab      0000
intlevel1                     functab      0000
intlevel2                     functab      0000
intlevel3                     functab      0000
intlevel4                     functab      0000
intlevel5                     functab      0000
is_button_pressed@index       cstackBANK0  0037
is_button_pressed_s@index     cstackBANK0  0037
ltemp                         (abs)        007E
ltemp0                        (abs)        007E
ltemp1                        (abs)        0082
ltemp2                        (abs)        0086
ltemp3                        (abs)        0080
reset_vec                     reset_vec    0000
saved_w                       (abs)        007E
stackhi                       (abs)        0000
stacklo                       (abs)        0000
start                         init         0010
start_initialization          cinit        0011
ttemp                         (abs)        007E
ttemp0                        (abs)        007E
ttemp1                        (abs)        0081
ttemp2                        (abs)        0084
ttemp3                        (abs)        0087
ttemp4                        (abs)        007F
wtemp                         (abs)        007E
wtemp0                        (abs)        007E
wtemp1                        (abs)        0080
wtemp2                        (abs)        0082
wtemp3                        (abs)        0084
wtemp4                        (abs)        0086
wtemp5                        (abs)        0088
wtemp6                        (abs)        007F


FUNCTION INFORMATION:

 *************** function _main *****************
 Defined at:
		line 48 in file "main.c"
 Parameters:    Size  Location     Type
		None
 Auto vars:     Size  Location     Type
		None
 Return value:  Size  Location     Type
                  1    wreg      void 
 Registers used:
		wreg, fsr0l, fsr0h, status,2, status,0, pclath, cstack
 Tracked objects:
		On entry : 
		On exit  : 
		Unchanged: 
 Data sizes:     COMMON   BANK0   BANK1   BANK2
      Params:         0       0       0       0
      Locals:         0       0       0       0
      Temps:          0       2       0       0
      Totals:         0       2       0       0
Total ram usage:        2 bytes
 Hardware stack levels required when called:    5
 This function calls:
		_Delay_ms
		_InitSystem
		_SetTimer1_ms
		_WriteEEPROM
		_is_button_pressed
		_is_button_pressed_s
 This function is called by:
		Startup code after reset
 This function uses a non-reentrant model


 *************** function _is_button_pressed_s *****************
 Defined at:
		line 52 in file "button.c"
 Parameters:    Size  Location     Type
  index           1    wreg     unsigned char 
 Auto vars:     Size  Location     Type
  index           1    0[BANK0 ] unsigned char 
 Return value:  Size  Location     Type
                  1    wreg      unsigned char 
 Registers used:
		wreg, fsr0l, fsr0h, status,2, status,0
 Tracked objects:
		On entry : 
		On exit  : 
		Unchanged: 
 Data sizes:     COMMON   BANK0   BANK1   BANK2
      Params:         0       0       0       0
      Locals:         0       1       0       0
      Temps:          0       0       0       0
      Totals:         0       1       0       0
Total ram usage:        1 bytes
 Hardware stack levels used:    1
 Hardware stack levels required when called:    2
 This function calls:
		Nothing
 This function is called by:
		_main
 This function uses a non-reentrant model


 *************** function _is_button_pressed *****************
 Defined at:
		line 47 in file "button.c"
 Parameters:    Size  Location     Type
  index           1    wreg     unsigned char 
 Auto vars:     Size  Location     Type
  index           1    0[BANK0 ] unsigned char 
 Return value:  Size  Location     Type
                  1    wreg      unsigned char 
 Registers used:
		wreg, fsr0l, fsr0h, status,2, status,0
 Tracked objects:
		On entry : 
		On exit  : 
		Unchanged: 
 Data sizes:     COMMON   BANK0   BANK1   BANK2
      Params:         0       0       0       0
      Locals:         0       1       0       0
      Temps:          0       0       0       0
      Totals:         0       1       0       0
Total ram usage:        1 bytes
 Hardware stack levels used:    1
 Hardware stack levels required when called:    2
 This function calls:
		Nothing
 This function is called by:
		_main
 This function uses a non-reentrant model


 *************** function _WriteEEPROM *****************
 Defined at:
		line 171 in file "main.c"
 Parameters:    Size  Location     Type
  address         1    wreg     unsigned char 
  data            1    0[BANK0 ] unsigned char 
 Auto vars:     Size  Location     Type
  address         1    1[BANK0 ] unsigned char 
 Return value:  Size  Location     Type
                  1    wreg      void 
 Registers used:
		wreg
 Tracked objects:
		On entry : 
		On exit  : 
		Unchanged: 
 Data sizes:     COMMON   BANK0   BANK1   BANK2
      Params:         0       1       0       0
      Locals:         0       1       0       0
      Temps:          0       0       0       0
      Totals:         0       2       0       0
Total ram usage:        2 bytes
 Hardware stack levels used:    1
 Hardware stack levels required when called:    2
 This function calls:
		Nothing
 This function is called by:
		_main
 This function uses a non-reentrant model


 *************** function _InitSystem *****************
 Defined at:
		line 125 in file "main.c"
 Parameters:    Size  Location     Type
		None
 Auto vars:     Size  Location     Type
		None
 Return value:  Size  Location     Type
                  1    wreg      void 
 Registers used:
		wreg, status,2, status,0, pclath, cstack
 Tracked objects:
		On entry : 
		On exit  : 
		Unchanged: 
 Data sizes:     COMMON   BANK0   BANK1   BANK2
      Params:         0       0       0       0
      Locals:         0       0       0       0
      Temps:          0       2       0       0
      Totals:         0       2       0       0
Total ram usage:        2 bytes
 Hardware stack levels used:    1
 Hardware stack levels required when called:    4
 This function calls:
		_ReadEEPROM
		_RelayOn
		_SetTimer1_ms
		_init_timer1
 This function is called by:
		_main
 This function uses a non-reentrant model


 *************** function _init_timer1 *****************
 Defined at:
		line 8 in file "timer.c"
 Parameters:    Size  Location     Type
  count           2    0[BANK0 ] unsigned int 
 Auto vars:     Size  Location     Type
		None
 Return value:  Size  Location     Type
                  1    wreg      void 
 Registers used:
		wreg, status,2, status,0
 Tracked objects:
		On entry : 
		On exit  : 
		Unchanged: 
 Data sizes:     COMMON   BANK0   BANK1   BANK2
      Params:         0       2       0       0
      Locals:         0       0       0       0
      Temps:          0       2       0       0
      Totals:         0       4       0       0
Total ram usage:        4 bytes
 Hardware stack levels used:    1
 Hardware stack levels required when called:    2
 This function calls:
		Nothing
 This function is called by:
		_InitSystem
 This function uses a non-reentrant model


 *************** function _SetTimer1_ms *****************
 Defined at:
		line 47 in file "timer.c"
 Parameters:    Size  Location     Type
  time            2    9[BANK0 ] int 
 Auto vars:     Size  Location     Type
		None
 Return value:  Size  Location     Type
                  1    wreg      void 
 Registers used:
		wreg, status,2, status,0, pclath, cstack
 Tracked objects:
		On entry : 
		On exit  : 
		Unchanged: 
 Data sizes:     COMMON   BANK0   BANK1   BANK2
      Params:         0       2       0       0
      Locals:         0       0       0       0
      Temps:          0       0       0       0
      Totals:         0       2       0       0
Total ram usage:        2 bytes
 Hardware stack levels used:    1
 Hardware stack levels required when called:    3
 This function calls:
		___awdiv
 This function is called by:
		_main
		_InitSystem
 This function uses a non-reentrant model


 *************** function ___awdiv *****************
 Defined at:
		line 6 in file "C:\Program Files (x86)\Microchip\xc8\v1.36\sources\common\awdiv.c"
 Parameters:    Size  Location     Type
  divisor         2    0[BANK0 ] int 
  dividend        2    2[BANK0 ] int 
 Auto vars:     Size  Location     Type
  quotient        2    7[BANK0 ] int 
  sign            1    6[BANK0 ] unsigned char 
  counter         1    5[BANK0 ] unsigned char 
 Return value:  Size  Location     Type
                  2    0[BANK0 ] int 
 Registers used:
		wreg, status,2, status,0
 Tracked objects:
		On entry : 
		On exit  : 
		Unchanged: 
 Data sizes:     COMMON   BANK0   BANK1   BANK2
      Params:         0       4       0       0
      Locals:         0       4       0       0
      Temps:          0       1       0       0
      Totals:         0       9       0       0
Total ram usage:        9 bytes
 Hardware stack levels used:    1
 Hardware stack levels required when called:    2
 This function calls:
		Nothing
 This function is called by:
		_SetTimer1_ms
 This function uses a non-reentrant model


 *************** function _RelayOn *****************
 Defined at:
		line 160 in file "main.c"
 Parameters:    Size  Location     Type
  flag            1    wreg     unsigned char 
 Auto vars:     Size  Location     Type
  flag            1    0[BANK0 ] unsigned char 
 Return value:  Size  Location     Type
                  1    wreg      void 
 Registers used:
		wreg, status,2, status,0
 Tracked objects:
		On entry : 
		On exit  : 
		Unchanged: 
 Data sizes:     COMMON   BANK0   BANK1   BANK2
      Params:         0       0       0       0
      Locals:         0       1       0       0
      Temps:          0       0       0       0
      Totals:         0       1       0       0
Total ram usage:        1 bytes
 Hardware stack levels used:    1
 Hardware stack levels required when called:    2
 This function calls:
		Nothing
 This function is called by:
		_InitSystem
 This function uses a non-reentrant model


 *************** function _ReadEEPROM *****************
 Defined at:
		line 165 in file "main.c"
 Parameters:    Size  Location     Type
  address         1    wreg     unsigned char 
 Auto vars:     Size  Location     Type
  address         1    0[BANK0 ] unsigned char 
 Return value:  Size  Location     Type
                  1    wreg      unsigned char 
 Registers used:
		wreg
 Tracked objects:
		On entry : 
		On exit  : 
		Unchanged: 
 Data sizes:     COMMON   BANK0   BANK1   BANK2
      Params:         0       0       0       0
      Locals:         0       1       0       0
      Temps:          0       0       0       0
      Totals:         0       1       0       0
Total ram usage:        1 bytes
 Hardware stack levels used:    1
 Hardware stack levels required when called:    2
 This function calls:
		Nothing
 This function is called by:
		_InitSystem
 This function uses a non-reentrant model


 *************** function _Delay_ms *****************
 Defined at:
		line 153 in file "main.c"
 Parameters:    Size  Location     Type
  delay           2    0[BANK0 ] unsigned int 
 Auto vars:     Size  Location     Type
  j               2    4[BANK0 ] unsigned int 
  i               2    2[BANK0 ] unsigned int 
 Return value:  Size  Location     Type
                  1    wreg      void 
 Registers used:
		wreg, status,2
 Tracked objects:
		On entry : 
		On exit  : 
		Unchanged: 
 Data sizes:     COMMON   BANK0   BANK1   BANK2
      Params:         0       2       0       0
      Locals:         0       4       0       0
      Temps:          0       0       0       0
      Totals:         0       6       0       0
Total ram usage:        6 bytes
 Hardware stack levels used:    1
 Hardware stack levels required when called:    2
 This function calls:
		Nothing
 This function is called by:
		_main
 This function uses a non-reentrant model


 *************** function _ISR *****************
 Defined at:
		line 33 in file "main.c"
 Parameters:    Size  Location     Type
		None
 Auto vars:     Size  Location     Type
		None
 Return value:  Size  Location     Type
                  1    wreg      void 
 Registers used:
		wreg, fsr0l, fsr0h, status,2, status,0, pclath, cstack
 Tracked objects:
		On entry : 
		On exit  : 
		Unchanged: 
 Data sizes:     COMMON   BANK0   BANK1   BANK2
      Params:         0       0       0       0
      Locals:         0       0       0       0
      Temps:          5       0       0       0
      Totals:         5       0       0       0
Total ram usage:        5 bytes
 Hardware stack levels used:    1
 Hardware stack levels required when called:    1
 This function calls:
		_button_reading
		_start_timer1
		_stop_timer1
		_timer1_isr
 This function is called by:
		Interrupt level 1
 This function uses a non-reentrant model


 *************** function _timer1_isr *****************
 Defined at:
		line 36 in file "timer.c"
 Parameters:    Size  Location     Type
		None
 Auto vars:     Size  Location     Type
		None
 Return value:  Size  Location     Type
                  1    wreg      void 
 Registers used:
		wreg, status,2
 Tracked objects:
		On entry : 
		On exit  : 
		Unchanged: 
 Data sizes:     COMMON   BANK0   BANK1   BANK2
      Params:         0       0       0       0
      Locals:         0       0       0       0
      Temps:          0       0       0       0
      Totals:         0       0       0       0
Total ram usage:        0 bytes
 Hardware stack levels used:    1
 This function calls:
		Nothing
 This function is called by:
		_ISR
 This function uses a non-reentrant model


 *************** function _stop_timer1 *****************
 Defined at:
		line 32 in file "timer.c"
 Parameters:    Size  Location     Type
		None
 Auto vars:     Size  Location     Type
		None
 Return value:  Size  Location     Type
                  1    wreg      void 
 Registers used:
		None
 Tracked objects:
		On entry : 
		On exit  : 
		Unchanged: 
 Data sizes:     COMMON   BANK0   BANK1   BANK2
      Params:         0       0       0       0
      Locals:         0       0       0       0
      Temps:          0       0       0       0
      Totals:         0       0       0       0
Total ram usage:        0 bytes
 Hardware stack levels used:    1
 This function calls:
		Nothing
 This function is called by:
		_ISR
 This function uses a non-reentrant model


 *************** function _start_timer1 *****************
 Defined at:
		line 26 in file "timer.c"
 Parameters:    Size  Location     Type
		None
 Auto vars:     Size  Location     Type
		None
 Return value:  Size  Location     Type
                  1    wreg      void 
 Registers used:
		wreg
 Tracked objects:
		On entry : 
		On exit  : 
		Unchanged: 
 Data sizes:     COMMON   BANK0   BANK1   BANK2
      Params:         0       0       0       0
      Locals:         0       0       0       0
      Temps:          0       0       0       0
      Totals:         0       0       0       0
Total ram usage:        0 bytes
 Hardware stack levels used:    1
 This function calls:
		Nothing
 This function is called by:
		_ISR
 This function uses a non-reentrant model


 *************** function _button_reading *****************
 Defined at:
		line 16 in file "button.c"
 Parameters:    Size  Location     Type
		None
 Auto vars:     Size  Location     Type
  i               1    4[COMMON] unsigned char 
 Return value:  Size  Location     Type
                  1    wreg      void 
 Registers used:
		wreg, fsr0l, fsr0h, status,2, status,0
 Tracked objects:
		On entry : 
		On exit  : 
		Unchanged: 
 Data sizes:     COMMON   BANK0   BANK1   BANK2
      Params:         0       0       0       0
      Locals:         2       0       0       0
      Temps:          3       0       0       0
      Totals:         5       0       0       0
Total ram usage:        5 bytes
 Hardware stack levels used:    1
 This function calls:
		Nothing
 This function is called by:
		_ISR
 This function uses a non-reentrant model



MODULE INFORMATION

Module		Function		Class		Link	Load	Size
button.c
		_button_reading		CODE           	00EB	0000	139
		_is_button_pressed_s		CODE           	02C8	0000	16
		_is_button_pressed		CODE           	02D7	0000	16

button.c estimated size: 171

C:\Program Files (x86)\Microchip\xc8\v1.36\sources\common\awdiv.c
		___awdiv       		CODE           	0175	0000	92

C:\Program Files (x86)\Microchip\xc8\v1.36\sources\common\awdiv.c estimated size: 92

timer.c
		_start_timer1  		CODE           	030B	0000	9
		_SetTimer1_ms  		CODE           	029E	0000	22
		_init_timer1   		CODE           	023E	0000	36
		_stop_timer1   		CODE           	0319	0000	5
		_timer1_isr    		CODE           	02B3	0000	22

timer.c estimated size: 94

shared
		__initialization		CODE           	0011	0000	28

shared estimated size: 28

main.c
		_ISR           		CODE           	0261	0000	36
		_main          		CODE           	002E	0000	190
		_Delay_ms      		CODE           	0215	0000	42
		_ReadEEPROM    		CODE           	02F0	0000	11
		_WriteEEPROM   		CODE           	0284	0000	27
		_InitSystem    		CODE           	01D0	0000	70
		_RelayOn       		CODE           	02E6	0000	11

main.c estimated size: 387

