Microchip MPLAB XC8 Compiler V2.40

Linker command line:

-W-3 \
  --edf=C:\Program Files\Microchip\xc8\v2.40\pic\dat\20220703182018_en.msgs \
  -cn -h+dist/default/production\020_AUTO_CF.X.production.sym \
  --cmf=dist/default/production\020_AUTO_CF.X.production.cmf -z -Q16F1829 \
  -oC:\Users\DELL\AppData\Local\Temp\xcAs1sg.4 --defsym=__MPLAB_BUILD=1 \
  --fixupoverflow=error \
  -Mdist/default/production/020_AUTO_CF.X.production.map \
  --md=C:\Users\DELL\AppData\Local\Temp\xcAs1sg.dat -E1 -ver=XC8 Compiler \
  --acfsm=1493 -ACODE=00h-07FFhx4 -ASTRCODE=00h-01FFFh -ASTRING=00h-0FFhx32 \
  -ACONST=00h-0FFhx32 -AENTRY=00h-0FFhx32 -ACOMMON=070h-07Fh \
  -ABANK0=020h-06Fh -ABANK1=0A0h-0EFh -ABANK2=0120h-016Fh \
  -ABANK3=01A0h-01EFh -ABANK4=0220h-026Fh -ABANK5=02A0h-02EFh \
  -ABANK6=0320h-036Fh -ABANK7=03A0h-03EFh -ABANK8=0420h-046Fh \
  -ABANK9=04A0h-04EFh -ABANK10=0520h-056Fh -ABANK11=05A0h-05EFh \
  -ABANK12=0620h-064Fh -ABIGRAM=02000h-023EFh \
  -ARAM=020h-06Fh,0A0h-0EFh,0120h-016Fh,01A0h-01EFh,0220h-026Fh,02A0h-02EFh,0320h-036Fh,03A0h-03EFh,0420h-046Fh,04A0h-04EFh,0520h-056Fh,05A0h-05EFh,0620h-064Fh \
  -AABS1=020h-07Fh,0A0h-0EFh,0120h-016Fh,01A0h-01EFh,0220h-026Fh,02A0h-02EFh,0320h-036Fh,03A0h-03EFh,0420h-046Fh,04A0h-04EFh,0520h-056Fh,05A0h-05EFh,0620h-064Fh \
  -ASFR0=00h-01Fh -ASFR1=080h-09Fh -ASFR2=0100h-011Fh -ASFR3=0180h-019Fh \
  -ASFR4=0200h-021Fh -ASFR5=0280h-029Fh -ASFR6=0300h-031Fh \
  -ASFR7=0380h-039Fh -ASFR8=0400h-041Fh -ASFR9=0480h-049Fh \
  -ASFR10=0500h-051Fh -ASFR11=0580h-059Fh -ASFR12=0600h-061Fh \
  -ASFR13=0680h-06EFh -ASFR14=0700h-076Fh -ASFR15=0780h-07EFh \
  -ASFR16=0800h-086Fh -ASFR17=0880h-08EFh -ASFR18=0900h-096Fh \
  -ASFR19=0980h-09EFh -ASFR20=0A00h-0A6Fh -ASFR21=0A80h-0AEFh \
  -ASFR22=0B00h-0B6Fh -ASFR23=0B80h-0BEFh -ASFR24=0C00h-0C6Fh \
  -ASFR25=0C80h-0CEFh -ASFR26=0D00h-0D6Fh -ASFR27=0D80h-0DEFh \
  -ASFR28=0E00h-0E6Fh -ASFR29=0E80h-0EEFh -ASFR30=0F00h-0F6Fh \
  -ASFR31=0F80h-0FEFh -ACONFIG=08007h-08008h -DCONFIG=2 \
  -AIDLOC=08000h-08003h -DIDLOC=2 -AEEDATA=00h-0FFh/0F000h \
  -peeprom_data=EEDATA -DEEDATA=2 -DCODE=2 -DSTRCODE=2 -DSTRING=2 -DCONST=2 \
  -DENTRY=2 -preset_vec=00h,intentry=04h,init,end_init -ppowerup=CODE \
  -pcinit=CODE -pfunctab=ENTRY -k \
  C:\Users\DELL\AppData\Local\Temp\xcAs1sg.o \
  dist/default/production\020_AUTO_CF.X.production.o 

Object code version is 3.11

Machine type is 16F1829



                Name                               Link     Load   Length Selector   Space Scale
C:\Users\DELL\AppData\Local\Temp\xcAs1sg.o
                end_init                             1D       1D        2        8       0
                reset_vec                             0        0        2        0       0
                config                             8007     8007        2        0       4
                idloc                              8000     8000        4        0       5
dist/default/production\020_AUTO_CF.X.production.o
                cinit                                1F       1F       2F        8       0
                intentry                              4        4       19        8       0
                config                             8007     8007        2        0       4
                idloc                              8000     8000        4        0       5
                text48                              4A4      4A4       8D        8       0
                text47                              CA6      CA6       17     194C       0
                text46                              C02      C02        7     1804       0
                text45                              BEB      BEB        3     17D6       0
                text43                              E35      E35       2D     1C6A       0
                text42                              E62      E62       2D     1CC4       0
                text41                              CEC      CEC       19     19D8       0
                text40                              D3C      D3C       1E     1A78       0
                text39                              C09      C09        7     1812       0
                text38                              D20      D20       1C     1A40       0
                text37                              D7A      D7A       21     1AF4       0
                text36                              F58      F58       36     1EB0       0
                text35                              CBD      CBD       17     197A       0
                text34                              C7A      C7A       16     18F4       0
                text33                              799      799       3D        8       0
                text32                              E0A      E0A       2B     1C14       0
                text31                              C33      C33        F     1866       0
                text30                              E8F      E8F       30     1D1E       0
                text29                              C26      C26        D     184C       0
                text28                              C42      C42        F     1884       0
                text27                              DBE      DBE       24     1B7C       0
                text26                              5A9      5A9       60        8       0
                text25                              6B8      6B8       54        8       0
                text24                              F23      F23       35     1E46       0
                text23                              CD4      CD4       18     19A8       0
                text22                              531      531       78        8       0
                text21                              609      609       5B        8       0
                text20                              70C      70C       4B        8       0
                text19                              EEF      EEF       34     1DDE       0
                text18                              757      757       42        8       0
                text17                              3FB      3FB       A9        8       0
                text16                              7D6      7D6       2A        8       0
                text15                              C10      C10        B     1820       0
                text14                              D5A      D5A       20     1AB4       0
                text13                               4E       4E      2FD        8       0
                text12                              C1B      C1B        B     1836       0
                text11                              D05      D05       1B     1A0A       0
                text10                              D9B      D9B       23     1B36       0
                text9                               C90      C90       16     1920       0
                text8                               BF1      BF1        5     17E2       0
                text7                               BEE      BEE        3     17DC       0
                text6                               C51      C51       14     18A2       0
                text5                               C65      C65       15     18CA       0
                text4                               F8E      F8E       39     1F1C       0
                text3                               664      664       54        8       0
                text2                               34B      34B       B0        8       0
                text1                               EBF      EBF       30     1D7E       0
                maintext                            FC7      FC7       39     1F8E       0
                cstackBANK0                          20       20       2A       20       1
                cstackCOMMON                         70       70        6       70       1
                cstackBANK1                          CC       CC        2       A0       1
                clrtext                             BF6      BF6        6     17EC       0
                inittext                            BFC      BFC        6     17F8       0
                dataBANK1                            A0       A0       28       A0       1
                bssBANK1                             C8       C8        4       A0       1
                dataBANK0                            6D       6D        2       20       1
                bssBANK0                             4A       4A       21       20       1
                dataCOMMON                           78       78        2       70       1
                bssCOMMON                            76       76        2       70       1
                stringtext10                       1099     1099       11     2000       0
                stringtext9                        1088     1088       11     2000       0
                stringtext8                        1077     1077       11     2000       0
                stringtext7                        1066     1066       11     2000       0
                stringtext6                        1055     1055       11     2000       0
                stringtext5                        1044     1044       11     2000       0
                stringtext4                        1033     1033       11     2000       0
                stringtext3                        1022     1022       11     2000       0
                stringtext2                        1011     1011       11     2000       0
                stringtext1                        1000     1000       11     2000       0
                nvBANK0                              6B       6B        2       20       1
                idataBANK1                          DE2      DE2       28     1BC4       0
                idataBANK0                          BE9      BE9        2     17D2       0
                idataCOMMON                           2        2        2        0       0

TOTAL           Name                               Link     Load   Length     Space
        CLASS   CODE           
                end_init                             1D       1D        2         0
                cinit                                1F       1F       2F         0
                intentry                              4        4       19         0
                reset_vec                             0        0        2         0
                text48                              4A4      4A4       8D         0
                text47                              CA6      CA6       17         0
                text46                              C02      C02        7         0
                text45                              BEB      BEB        3         0
                text43                              E35      E35       2D         0
                text42                              E62      E62       2D         0
                text41                              CEC      CEC       19         0
                text40                              D3C      D3C       1E         0
                text39                              C09      C09        7         0
                text38                              D20      D20       1C         0
                text37                              D7A      D7A       21         0
                text36                              F58      F58       36         0
                text35                              CBD      CBD       17         0
                text34                              C7A      C7A       16         0
                text33                              799      799       3D         0
                text32                              E0A      E0A       2B         0
                text31                              C33      C33        F         0
                text30                              E8F      E8F       30         0
                text29                              C26      C26        D         0
                text28                              C42      C42        F         0
                text27                              DBE      DBE       24         0
                text26                              5A9      5A9       60         0
                text25                              6B8      6B8       54         0
                text24                              F23      F23       35         0
                text23                              CD4      CD4       18         0
                text22                              531      531       78         0
                text21                              609      609       5B         0
                text20                              70C      70C       4B         0
                text19                              EEF      EEF       34         0
                text18                              757      757       42         0
                text17                              3FB      3FB       A9         0
                text16                              7D6      7D6       2A         0
                text15                              C10      C10        B         0
                text14                              D5A      D5A       20         0
                text13                               4E       4E      2FD         0
                text12                              C1B      C1B        B         0
                text11                              D05      D05       1B         0
                text10                              D9B      D9B       23         0
                text9                               C90      C90       16         0
                text8                               BF1      BF1        5         0
                text7                               BEE      BEE        3         0
                text6                               C51      C51       14         0
                text5                               C65      C65       15         0
                text4                               F8E      F8E       39         0
                text3                               664      664       54         0
                text2                               34B      34B       B0         0
                text1                               EBF      EBF       30         0
                maintext                            FC7      FC7       39         0
                clrtext                             BF6      BF6        6         0
                inittext                            BFC      BFC        6         0
                idataBANK1                          DE2      DE2       28         0
                idataBANK0                          BE9      BE9        2         0
                idataCOMMON                           2        2        2         0

        CLASS   STRCODE        
                stringtext10                       1099     1099       11         0
                stringtext9                        1088     1088       11         0
                stringtext8                        1077     1077       11         0
                stringtext7                        1066     1066       11         0
                stringtext6                        1055     1055       11         0
                stringtext5                        1044     1044       11         0
                stringtext4                        1033     1033       11         0
                stringtext3                        1022     1022       11         0
                stringtext2                        1011     1011       11         0
                stringtext1                        1000     1000       11         0

        CLASS   STRING         

        CLASS   CONST          

        CLASS   ENTRY          

        CLASS   COMMON         
                cstackCOMMON                         70       70        6         1
                dataCOMMON                           78       78        2         1
                bssCOMMON                            76       76        2         1

        CLASS   BANK0          
                cstackBANK0                          20       20       2A         1
                dataBANK0                            6D       6D        2         1
                bssBANK0                             4A       4A       21         1
                nvBANK0                              6B       6B        2         1

        CLASS   BANK1          
                cstackBANK1                          CC       CC        2         1
                dataBANK1                            A0       A0       28         1
                bssBANK1                             C8       C8        4         1

        CLASS   BANK2          

        CLASS   BANK3          

        CLASS   BANK4          

        CLASS   BANK5          

        CLASS   BANK6          

        CLASS   BANK7          

        CLASS   BANK8          

        CLASS   BANK9          

        CLASS   BANK10         

        CLASS   BANK11         

        CLASS   BANK12         

        CLASS   BIGRAM         

        CLASS   RAM            

        CLASS   ABS1           
                abs_s1                               7E       7E        2         1

        CLASS   SFR0           

        CLASS   SFR1           

        CLASS   SFR2           

        CLASS   SFR3           

        CLASS   SFR4           

        CLASS   SFR5           

        CLASS   SFR6           

        CLASS   SFR7           

        CLASS   SFR8           

        CLASS   SFR9           

        CLASS   SFR10          

        CLASS   SFR11          

        CLASS   SFR12          

        CLASS   SFR13          

        CLASS   SFR14          

        CLASS   SFR15          

        CLASS   SFR16          

        CLASS   SFR17          

        CLASS   SFR18          

        CLASS   SFR19          

        CLASS   SFR20          

        CLASS   SFR21          

        CLASS   SFR22          

        CLASS   SFR23          

        CLASS   SFR24          

        CLASS   SFR25          

        CLASS   SFR26          

        CLASS   SFR27          

        CLASS   SFR28          

        CLASS   SFR29          

        CLASS   SFR30          

        CLASS   SFR31          

        CLASS   CONFIG         
                config                             8007     8007        2         4

        CLASS   IDLOC          
                idloc                              8000     8000        4         5

        CLASS   EEDATA         

        CLASS   BANK31         

        CLASS   BANK30         

        CLASS   BANK29         

        CLASS   BANK28         

        CLASS   BANK27         

        CLASS   BANK26         

        CLASS   BANK25         

        CLASS   BANK24         

        CLASS   BANK23         

        CLASS   BANK22         

        CLASS   BANK21         

        CLASS   BANK20         

        CLASS   BANK19         

        CLASS   BANK18         

        CLASS   BANK17         

        CLASS   BANK16         

        CLASS   BANK15         

        CLASS   BANK14         

        CLASS   BANK13         

        CLASS   HEAP           

        CLASS   STACK          



SEGMENTS        Name                           Load    Length   Top    Selector   Space  Class     Delta

                reset_vec                      000000  000004  000004         0       0  CODE        2
                intentry                       000004  0007FC  000800         8       0  CODE        2
                cstackBANK0                    000020  00004F  00006F        20       1  BANK0       1
                cstackCOMMON                   000070  00000A  00007A        70       1  COMMON      1
                dataBANK1                      0000A0  00002E  0000CE        A0       1  BANK1       1
                idataBANK0                     000BE9  000002  000BEB      17D2       0  CODE        2
                text45                         000BEB  000003  000BEE      17D6       0  CODE        2
                text7                          000BEE  000003  000BF1      17DC       0  CODE        2
                text8                          000BF1  000005  000BF6      17E2       0  CODE        2
                clrtext                        000BF6  000006  000BFC      17EC       0  CODE        2
                inittext                       000BFC  000006  000C02      17F8       0  CODE        2
                text46                         000C02  000007  000C09      1804       0  CODE        2
                text39                         000C09  000007  000C10      1812       0  CODE        2
                text15                         000C10  00000B  000C1B      1820       0  CODE        2
                text12                         000C1B  00000B  000C26      1836       0  CODE        2
                text29                         000C26  00000D  000C33      184C       0  CODE        2
                text31                         000C33  00000F  000C42      1866       0  CODE        2
                text28                         000C42  00000F  000C51      1884       0  CODE        2
                text6                          000C51  000014  000C65      18A2       0  CODE        2
                text5                          000C65  000015  000C7A      18CA       0  CODE        2
                text34                         000C7A  000016  000C90      18F4       0  CODE        2
                text9                          000C90  000016  000CA6      1920       0  CODE        2
                text47                         000CA6  000017  000CBD      194C       0  CODE        2
                text35                         000CBD  000017  000CD4      197A       0  CODE        2
                text23                         000CD4  000018  000CEC      19A8       0  CODE        2
                text41                         000CEC  000019  000D05      19D8       0  CODE        2
                text11                         000D05  00001B  000D20      1A0A       0  CODE        2
                text38                         000D20  00001C  000D3C      1A40       0  CODE        2
                text40                         000D3C  00001E  000D5A      1A78       0  CODE        2
                text14                         000D5A  000020  000D7A      1AB4       0  CODE        2
                text37                         000D7A  000021  000D9B      1AF4       0  CODE        2
                text10                         000D9B  000023  000DBE      1B36       0  CODE        2
                text27                         000DBE  000024  000DE2      1B7C       0  CODE        2
                idataBANK1                     000DE2  000028  000E0A      1BC4       0  CODE        2
                text32                         000E0A  00002B  000E35      1C14       0  CODE        2
                text43                         000E35  00002D  000E62      1C6A       0  CODE        2
                text42                         000E62  00002D  000E8F      1CC4       0  CODE        2
                text30                         000E8F  000030  000EBF      1D1E       0  CODE        2
                text1                          000EBF  000030  000EEF      1D7E       0  CODE        2
                text19                         000EEF  000034  000F23      1DDE       0  CODE        2
                text24                         000F23  000035  000F58      1E46       0  CODE        2
                text36                         000F58  000036  000F8E      1EB0       0  CODE        2
                text4                          000F8E  000039  000FC7      1F1C       0  CODE        2
                maintext                       000FC7  000039  001000      1F8E       0  CODE        2
                stringtext1                    001000  0000AA  0010AA      2000       0  STRCODE     2


UNUSED ADDRESS RANGES

        Name                Unused          Largest block    Delta
        BANK0            0006F-0006F               1           1
        BANK1            000CE-000EF              22           1
        BANK10           00520-0056F              50           1
        BANK11           005A0-005EF              50           1
        BANK12           00620-0064F              30           1
        BANK2            00120-0016F              50           1
        BANK3            001A0-001EF              50           1
        BANK4            00220-0026F              50           1
        BANK5            002A0-002EF              50           1
        BANK6            00320-0036F              50           1
        BANK7            003A0-003EF              50           1
        BANK8            00420-0046F              50           1
        BANK9            004A0-004EF              50           1
        BIGRAM           02000-023EF             3F0           1
        CODE             00800-00BE8             3E9           2
                         010AA-01FFF             756
        COMMON           0007A-0007D               4           1
        CONST            00800-00BE8             100           2
                         010AA-01FFF             100
        EEDATA           0F000-0F0FF             100           2
        ENTRY            00800-00BE8             100           2
                         010AA-01FFF             100
        RAM              0006F-0006F               1           1
                         000CE-000EF              22
                         00120-0016F              50
                         001A0-001EF              50
                         00220-0026F              50
                         002A0-002EF              50
                         00320-0036F              50
                         003A0-003EF              50
                         00420-0046F              50
                         004A0-004EF              50
                         00520-0056F              50
                         005A0-005EF              50
                         00620-0064F              30
        SFR0             00000-0001F              20           1
        SFR1             00080-0009F              20           1
        SFR10            00500-0051F              20           1
        SFR11            00580-0059F              20           1
        SFR12            00600-0061F              20           1
        SFR13            00680-006EF              70           1
        SFR14            00700-0076F              70           1
        SFR15            00780-007EF              70           1
        SFR16            00800-0086F              70           1
        SFR17            00880-008EF              70           1
        SFR18            00900-0096F              70           1
        SFR19            00980-009EF              70           1
        SFR2             00100-0011F              20           1
        SFR20            00A00-00A6F              70           1
        SFR21            00A80-00AEF              70           1
        SFR22            00B00-00B6F              70           1
        SFR23            00B80-00BEF              70           1
        SFR24            00C00-00C6F              70           1
        SFR25            00C80-00CEF              70           1
        SFR26            00D00-00D6F              70           1
        SFR27            00D80-00DEF              70           1
        SFR28            00E00-00E6F              70           1
        SFR29            00E80-00EEF              70           1
        SFR3             00180-0019F              20           1
        SFR30            00F00-00F6F              70           1
        SFR31            00F80-00FEF              70           1
        SFR4             00200-0021F              20           1
        SFR5             00280-0029F              20           1
        SFR6             00300-0031F              20           1
        SFR7             00380-0039F              20           1
        SFR8             00400-0041F              20           1
        SFR9             00480-0049F              20           1
        STRCODE          00800-00BE8             3E9           2
                         010AA-01FFF             F56
        STRING           00800-00BE8             100           2
                         010AA-01FFF             100

                                  Symbol Table

?___awdiv                    cstackBANK0  00020
?___awmod                    cstackBANK0  00020
?___lldiv                    cstackBANK0  00035
?___llmod                    cstackBANK0  00035
?___lmul                     cstackBANK0  00020
?___lwdiv                    cstackBANK0  00024
?___lwmod                    cstackBANK0  00020
?___wmul                     cstackBANK0  00020
?_lcd_power_of               cstackBANK0  0002C
BTN_IsHeld@index             cstackBANK0  00020
BTN_IsPressed@index          cstackCOMMON 00075
BTN_IsPressed@result         cstackCOMMON 00074
BTN_IsPressed_ms@index       cstackBANK0  00030
BTN_IsPressed_ms@milisec     cstackBANK0  0002C
BTN_IsPressed_s@index        cstackCOMMON 00074
BTN_Reading@i                cstackCOMMON 00073
Delay_ms@i                   cstackBANK0  00021
Delay_ms@j                   cstackBANK0  00023
Delay_ms@time                cstackBANK0  00020
DisplayLcdScreen@i           cstackBANK0  0002E
LcdPrintCharS@c              cstackCOMMON 00075
LcdPrintCharS@x              cstackBANK0  00023
LcdPrintCharS@y              cstackCOMMON 00074
LcdPrintFloatS@decimalPlaces cstackBANK0  00032
LcdPrintFloatS@integerPart   cstackBANK0  00033
LcdPrintFloatS@num           cstackBANK0  0002D
LcdPrintFloatS@x             cstackBANK0  00031
LcdPrintFloatS@y             cstackBANK0  0002C
LcdPrintNumS@i               cstackBANK0  00049
LcdPrintNumS@num             cstackBANK0  00043
LcdPrintNumS@num_flag        cstackBANK0  00048
LcdPrintNumS@x               cstackBANK0  00047
LcdPrintNumS@y               cstackBANK0  00042
LcdPrintStringS@string       cstackBANK0  00024
LcdPrintStringS@x            cstackCOMMON 00075
LcdPrintStringS@y            cstackBANK0  00023
MTR_Set@state                cstackCOMMON 00074
TMR1_Init@count              cstackCOMMON 00074
TMR1_SetTime_ms@time         cstackBANK0  0002C
_ANSA0                       (abs)        00C60
_ANSA1                       (abs)        00C61
_ANSA2                       (abs)        00C62
_ANSC0                       (abs)        00C70
_ANSC1                       (abs)        00C71
_ANSC2                       (abs)        00C72
_ANSC3                       (abs)        00C73
_ANSC6                       (abs)        00C76
_ANSC7                       (abs)        00C77
_BTN_Init                    text12       00C1B
_BTN_IsHeld                  text35       00CBD
_BTN_IsPressed               text34       00C7A
_BTN_IsPressed_ms            text32       00E0A
_BTN_IsPressed_s             text31       00C33
_BTN_Reading                 text48       004A4
_BTN_Reading$37              cstackCOMMON 00072
_Delay_ms                    text43       00E35
_DisplayLcdScreen            text36       00F58
_EEADR                       (abs)        00191
_EECON1                      (abs)        00195
_EECON1bits                  (abs)        00195
_EECON2                      (abs)        00196
_EEDATA                      (abs)        00193
_EEP_ReadAutoTime            text10       00D9B
_EEP_ReadCupTotal            text9        00C90
_EEP_SaveAutoTime            text29       00C26
_EEP_SaveCupTotal            text28       00C42
_FSM_Init                    text8        00BF1
_FSM_ModeControl             text13       0004E
_INTCONbits                  (abs)        0000B
_INT_Init                    text7        00BEE
_LcdPrintCharS               text27       00DBE
_LcdPrintFloatS              text22       00531
_LcdPrintNumS                text17       003FB
_LcdPrintStringS             text16       007D6
_LcdScreen                   dataBANK1    000A0
_MTR_Set                     text15       00C10
_OSCCONbits                  (abs)        00099
_PORTA                       (abs)        0000C
_PORTAbits                   (abs)        0000C
_PORTC                       (abs)        0000E
_STATUSbits                  (abs)        00003
_SYS_Init                    text1        00EBF
_T1CONbits                   (abs)        00018
_TMR1                        (abs)        00016
_TMR1IE                      (abs)        00488
_TMR1IF                      (abs)        00088
_TMR1_Init                   text6        00C51
_TMR1_Isr                    text47       00CA6
_TMR1_SetTime_ms             text5        00C65
_TMR1_Start                  text46       00C02
_TMR1_Stop                   text45       00BEB
_TRISA                       (abs)        0008C
_TRISC                       (abs)        0008E
__Habs1                      abs1         00000
__Hbank0                     bank0        00000
__Hbank1                     bank1        00000
__Hbank10                    bank10       00000
__Hbank11                    bank11       00000
__Hbank12                    bank12       00000
__Hbank13                    bank13       00000
__Hbank14                    bank14       00000
__Hbank15                    bank15       00000
__Hbank16                    bank16       00000
__Hbank17                    bank17       00000
__Hbank18                    bank18       00000
__Hbank19                    bank19       00000
__Hbank2                     bank2        00000
__Hbank20                    bank20       00000
__Hbank21                    bank21       00000
__Hbank22                    bank22       00000
__Hbank23                    bank23       00000
__Hbank24                    bank24       00000
__Hbank25                    bank25       00000
__Hbank26                    bank26       00000
__Hbank27                    bank27       00000
__Hbank28                    bank28       00000
__Hbank29                    bank29       00000
__Hbank3                     bank3        00000
__Hbank30                    bank30       00000
__Hbank31                    bank31       00000
__Hbank4                     bank4        00000
__Hbank5                     bank5        00000
__Hbank6                     bank6        00000
__Hbank7                     bank7        00000
__Hbank8                     bank8        00000
__Hbank9                     bank9        00000
__Hbigram                    bigram       00000
__HbssBANK0                  bssBANK0     00000
__HbssBANK1                  bssBANK1     00000
__HbssCOMMON                 bssCOMMON    00000
__Hcinit                     cinit        0004E
__Hclrtext                   clrtext      00000
__Hcode                      code         00000
__Hcommon                    common       00000
__Hconfig                    config       08009
__HcstackBANK0               cstackBANK0  00000
__HcstackBANK1               cstackBANK1  00000
__HcstackCOMMON              cstackCOMMON 00000
__HdataBANK0                 dataBANK0    00000
__HdataBANK1                 dataBANK1    00000
__HdataCOMMON                dataCOMMON   00000
__Heeprom_data               eeprom_data  00000
__Hend_init                  end_init     0001F
__Hfunctab                   functab      00000
__Hheap                      heap         00000
__HidataBANK0                idataBANK0   00000
__HidataBANK1                idataBANK1   00000
__HidataCOMMON               idataCOMMON  00000
__Hidloc                     idloc        08004
__Hinit                      init         0001D
__Hinittext                  inittext     00000
__Hintentry                  intentry     0001D
__Hmaintext                  maintext     00000
__HnvBANK0                   nvBANK0      00000
__Hpowerup                   powerup      00000
__Hram                       ram          00000
__Hreset_vec                 reset_vec    00002
__Hsfr0                      sfr0         00000
__Hsfr1                      sfr1         00000
__Hsfr10                     sfr10        00000
__Hsfr11                     sfr11        00000
__Hsfr12                     sfr12        00000
__Hsfr13                     sfr13        00000
__Hsfr14                     sfr14        00000
__Hsfr15                     sfr15        00000
__Hsfr16                     sfr16        00000
__Hsfr17                     sfr17        00000
__Hsfr18                     sfr18        00000
__Hsfr19                     sfr19        00000
__Hsfr2                      sfr2         00000
__Hsfr20                     sfr20        00000
__Hsfr21                     sfr21        00000
__Hsfr22                     sfr22        00000
__Hsfr23                     sfr23        00000
__Hsfr24                     sfr24        00000
__Hsfr25                     sfr25        00000
__Hsfr26                     sfr26        00000
__Hsfr27                     sfr27        00000
__Hsfr28                     sfr28        00000
__Hsfr29                     sfr29        00000
__Hsfr3                      sfr3         00000
__Hsfr30                     sfr30        00000
__Hsfr31                     sfr31        00000
__Hsfr4                      sfr4         00000
__Hsfr5                      sfr5         00000
__Hsfr6                      sfr6         00000
__Hsfr7                      sfr7         00000
__Hsfr8                      sfr8         00000
__Hsfr9                      sfr9         00000
__Hspace_0                   (abs)        010AA
__Hspace_1                   (abs)        000CE
__Hspace_2                   (abs)        00000
__Hspace_3                   (abs)        00000
__Hspace_4                   (abs)        10010
__Hstack                     stack        00000
__Hstrings                   strings      00000
__Hstringtext1               stringtext1  00000
__Hstringtext10              stringtext10 00000
__Hstringtext11              stringtext11 00000
__Hstringtext2               stringtext2  00000
__Hstringtext3               stringtext3  00000
__Hstringtext4               stringtext4  00000
__Hstringtext5               stringtext5  00000
__Hstringtext6               stringtext6  00000
__Hstringtext7               stringtext7  00000
__Hstringtext8               stringtext8  00000
__Hstringtext9               stringtext9  00000
__Htext                      text         00000
__Labs1                      abs1         00000
__Lbank0                     bank0        00000
__Lbank1                     bank1        00000
__Lbank10                    bank10       00000
__Lbank11                    bank11       00000
__Lbank12                    bank12       00000
__Lbank13                    bank13       00000
__Lbank14                    bank14       00000
__Lbank15                    bank15       00000
__Lbank16                    bank16       00000
__Lbank17                    bank17       00000
__Lbank18                    bank18       00000
__Lbank19                    bank19       00000
__Lbank2                     bank2        00000
__Lbank20                    bank20       00000
__Lbank21                    bank21       00000
__Lbank22                    bank22       00000
__Lbank23                    bank23       00000
__Lbank24                    bank24       00000
__Lbank25                    bank25       00000
__Lbank26                    bank26       00000
__Lbank27                    bank27       00000
__Lbank28                    bank28       00000
__Lbank29                    bank29       00000
__Lbank3                     bank3        00000
__Lbank30                    bank30       00000
__Lbank31                    bank31       00000
__Lbank4                     bank4        00000
__Lbank5                     bank5        00000
__Lbank6                     bank6        00000
__Lbank7                     bank7        00000
__Lbank8                     bank8        00000
__Lbank9                     bank9        00000
__Lbigram                    bigram       00000
__LbssBANK0                  bssBANK0     00000
__LbssBANK1                  bssBANK1     00000
__LbssCOMMON                 bssCOMMON    00000
__Lcinit                     cinit        0001F
__Lclrtext                   clrtext      00000
__Lcode                      code         00000
__Lcommon                    common       00000
__Lconfig                    config       00000
__LcstackBANK0               cstackBANK0  00000
__LcstackBANK1               cstackBANK1  00000
__LcstackCOMMON              cstackCOMMON 00000
__LdataBANK0                 dataBANK0    00000
__LdataBANK1                 dataBANK1    00000
__LdataCOMMON                dataCOMMON   00000
__Leeprom_data               eeprom_data  00000
__Lend_init                  end_init     0001D
__Lfunctab                   functab      00000
__Lheap                      heap         00000
__LidataBANK0                idataBANK0   00000
__LidataBANK1                idataBANK1   00000
__LidataCOMMON               idataCOMMON  00000
__Lidloc                     idloc        00000
__Linit                      init         0001D
__Linittext                  inittext     00000
__Lintentry                  intentry     00004
__Lmaintext                  maintext     00000
__LnvBANK0                   nvBANK0      00000
__Lpowerup                   powerup      00000
__Lram                       ram          00000
__Lreset_vec                 reset_vec    00000
__Lsfr0                      sfr0         00000
__Lsfr1                      sfr1         00000
__Lsfr10                     sfr10        00000
__Lsfr11                     sfr11        00000
__Lsfr12                     sfr12        00000
__Lsfr13                     sfr13        00000
__Lsfr14                     sfr14        00000
__Lsfr15                     sfr15        00000
__Lsfr16                     sfr16        00000
__Lsfr17                     sfr17        00000
__Lsfr18                     sfr18        00000
__Lsfr19                     sfr19        00000
__Lsfr2                      sfr2         00000
__Lsfr20                     sfr20        00000
__Lsfr21                     sfr21        00000
__Lsfr22                     sfr22        00000
__Lsfr23                     sfr23        00000
__Lsfr24                     sfr24        00000
__Lsfr25                     sfr25        00000
__Lsfr26                     sfr26        00000
__Lsfr27                     sfr27        00000
__Lsfr28                     sfr28        00000
__Lsfr29                     sfr29        00000
__Lsfr3                      sfr3         00000
__Lsfr30                     sfr30        00000
__Lsfr31                     sfr31        00000
__Lsfr4                      sfr4         00000
__Lsfr5                      sfr5         00000
__Lsfr6                      sfr6         00000
__Lsfr7                      sfr7         00000
__Lsfr8                      sfr8         00000
__Lsfr9                      sfr9         00000
__Lspace_0                   (abs)        00000
__Lspace_1                   (abs)        00000
__Lspace_2                   (abs)        00000
__Lspace_3                   (abs)        00000
__Lspace_4                   (abs)        00000
__Lstack                     stack        00000
__Lstrings                   strings      00000
__Lstringtext1               stringtext1  00000
__Lstringtext10              stringtext10 00000
__Lstringtext11              stringtext11 00000
__Lstringtext2               stringtext2  00000
__Lstringtext3               stringtext3  00000
__Lstringtext4               stringtext4  00000
__Lstringtext5               stringtext5  00000
__Lstringtext6               stringtext6  00000
__Lstringtext7               stringtext7  00000
__Lstringtext8               stringtext8  00000
__Lstringtext9               stringtext9  00000
__Ltext                      text         00000
__S0                         (abs)        010AA
__S1                         (abs)        000CE
__S3                         (abs)        00000
___awdiv                     text26       005A9
___awdiv@counter             cstackBANK0  00024
___awdiv@dividend            cstackBANK0  00022
___awdiv@divisor             cstackBANK0  00020
___awdiv@quotient            cstackBANK0  00026
___awdiv@sign                cstackBANK0  00025
___awmod                     text25       006B8
___awmod@counter             cstackBANK0  00024
___awmod@dividend            cstackBANK0  00022
___awmod@divisor             cstackBANK0  00020
___awmod@sign                cstackBANK0  00025
___heap_hi                   (abs)        00000
___heap_lo                   (abs)        00000
___int_sp                    stack        00000
___latbits                   (abs)        00002
___lldiv                     text21       00609
___lldiv@counter             cstackBANK0  00041
___lldiv@dividend            cstackBANK0  00039
___lldiv@divisor             cstackBANK0  00035
___lldiv@quotient            cstackBANK0  0003D
___llmod                     text20       0070C
___llmod@counter             cstackBANK0  0003D
___llmod@dividend            cstackBANK0  00039
___llmod@divisor             cstackBANK0  00035
___lmul                      text19       00EEF
___lmul@multiplicand         cstackBANK0  00024
___lmul@multiplier           cstackBANK0  00020
___lmul@product              cstackBANK0  00028
___lwdiv                     text33       00799
___lwdiv@counter             cstackBANK0  0002B
___lwdiv@dividend            cstackBANK0  00026
___lwdiv@divisor             cstackBANK0  00024
___lwdiv@quotient            cstackBANK0  00029
___lwmod                     text24       00F23
___lwmod@counter             cstackCOMMON 00075
___lwmod@dividend            cstackBANK0  00022
___lwmod@divisor             cstackBANK0  00020
___sp                        stack        00000
___stackhi                   (abs)        00000
___stacklo                   (abs)        00000
___wmul                      text14       00D5A
___wmul@multiplicand         cstackBANK0  00022
___wmul@multiplier           cstackBANK0  00020
___wmul@product              cstackCOMMON 00074
__countAuto                  bssBANK0     00064
__counterDelay               bssCOMMON    00077
__cupTotal                   bssBANK0     00066
__end_of_BTN_Init            text12       00C26
__end_of_BTN_IsHeld          text35       00CD4
__end_of_BTN_IsPressed       text34       00C90
__end_of_BTN_IsPressed_ms    text32       00E35
__end_of_BTN_IsPressed_s     text31       00C42
__end_of_BTN_Reading         text48       00531
__end_of_Delay_ms            text43       00E62
__end_of_DisplayLcdScreen    text36       00F8E
__end_of_EEP_ReadAutoTime    text10       00DBE
__end_of_EEP_ReadCupTotal    text9        00CA6
__end_of_EEP_SaveAutoTime    text29       00C33
__end_of_EEP_SaveCupTotal    text28       00C51
__end_of_FSM_Init            text8        00BF6
__end_of_FSM_ModeControl     text13       0034B
__end_of_INT_Init            text7        00BF1
__end_of_LcdPrintCharS       text27       00DE2
__end_of_LcdPrintFloatS      text22       005A9
__end_of_LcdPrintNumS        text17       004A4
__end_of_LcdPrintStringS     text16       00800
__end_of_MTR_Set             text15       00C1B
__end_of_SYS_Init            text1        00EEF
__end_of_TMR1_Init           text6        00C65
__end_of_TMR1_Isr            text47       00CBD
__end_of_TMR1_SetTime_ms     text5        00C7A
__end_of_TMR1_Start          text46       00C09
__end_of_TMR1_Stop           text45       00BEE
__end_of___awdiv             text26       00609
__end_of___awmod             text25       0070C
__end_of___lldiv             text21       00664
__end_of___llmod             text20       00757
__end_of___lmul              text19       00F23
__end_of___lwdiv             text33       007D6
__end_of___lwmod             text24       00F58
__end_of___wmul              text14       00D7A
__end_of__initialization     cinit        0004A
__end_of_eeprom_read         text11       00D20
__end_of_eeprom_write        text30       00EBF
__end_of_init_lcd            text2        003FB
__end_of_isr                 intentry     0001D
__end_of_lcd_delay           text42       00E8F
__end_of_lcd_power_of        text18       00799
__end_of_lcd_print_char      text39       00C10
__end_of_lcd_print_charS     text23       00CEC
__end_of_lcd_send_command    text3        006B8
__end_of_lcd_set_cursor      text37       00D9B
__end_of_lcd_write_4bits     text41       00D05
__end_of_lcd_write_cmd       text38       00D3C
__end_of_lcd_write_data      text40       00D5A
__end_of_main                maintext     01000
__end_of_v_timer0            text4        00FC7
__initialization             cinit        0001F
__pbssBANK0                  bssBANK0     0004A
__pbssBANK1                  bssBANK1     000C8
__pbssCOMMON                 bssCOMMON    00076
__pcstackBANK0               cstackBANK0  00020
__pcstackBANK1               cstackBANK1  000CC
__pcstackCOMMON              cstackCOMMON 00070
__pdataBANK0                 dataBANK0    0006D
__pdataBANK1                 dataBANK1    000A0
__pdataCOMMON                dataCOMMON   00078
__pidataBANK0                idataBANK0   00BE9
__pidataBANK1                idataBANK1   00DE2
__pidataCOMMON               idataCOMMON  00002
__pintentry                  intentry     00004
__pmaintext                  maintext     00FC7
__pnvBANK0                   nvBANK0      0006B
__pstringtext1               stringtext1  01000
__pstringtext10              stringtext10 01099
__pstringtext11              stringtext11 00000
__pstringtext2               stringtext2  01011
__pstringtext3               stringtext3  01022
__pstringtext4               stringtext4  01033
__pstringtext5               stringtext5  01044
__pstringtext6               stringtext6  01055
__pstringtext7               stringtext7  01066
__pstringtext8               stringtext8  01077
__pstringtext9               stringtext9  01088
__ptext1                     text1        00EBF
__ptext10                    text10       00D9B
__ptext11                    text11       00D05
__ptext12                    text12       00C1B
__ptext13                    text13       0004E
__ptext14                    text14       00D5A
__ptext15                    text15       00C10
__ptext16                    text16       007D6
__ptext17                    text17       003FB
__ptext18                    text18       00757
__ptext19                    text19       00EEF
__ptext2                     text2        0034B
__ptext20                    text20       0070C
__ptext21                    text21       00609
__ptext22                    text22       00531
__ptext23                    text23       00CD4
__ptext24                    text24       00F23
__ptext25                    text25       006B8
__ptext26                    text26       005A9
__ptext27                    text27       00DBE
__ptext28                    text28       00C42
__ptext29                    text29       00C26
__ptext3                     text3        00664
__ptext30                    text30       00E8F
__ptext31                    text31       00C33
__ptext32                    text32       00E0A
__ptext33                    text33       00799
__ptext34                    text34       00C7A
__ptext35                    text35       00CBD
__ptext36                    text36       00F58
__ptext37                    text37       00D7A
__ptext38                    text38       00D20
__ptext39                    text39       00C09
__ptext4                     text4        00F8E
__ptext40                    text40       00D3C
__ptext41                    text41       00CEC
__ptext42                    text42       00E62
__ptext43                    text43       00E35
__ptext45                    text45       00BEB
__ptext46                    text46       00C02
__ptext47                    text47       00CA6
__ptext48                    text48       004A4
__ptext5                     text5        00C65
__ptext6                     text6        00C51
__ptext7                     text7        00BEE
__ptext8                     text8        00BF1
__ptext9                     text9        00C90
__timeAuto                   dataCOMMON   00078
_buttonBuffer                dataBANK1    000C0
_buttonInputMask             dataBANK1    000C4
_counterForButtonPress       bssBANK0     0004A
_current_col                 bssBANK0     0005E
_current_row                 bssBANK0     00060
_debounceButtonBuffer1       bssBANK0     0005A
_debounceButtonBuffer2       bssBANK1     000C8
_eeprom_read                 text11       00D05
_eeprom_write                text30       00E8F
_flagForButtonPress          bssBANK0     00056
_flagForButtonPress_s        bssBANK0     00052
_flagPressAdjust             bssCOMMON    00076
_flag_timer1                 bssBANK0     00068
_index_lcd                   bssBANK0     0006A
_init_lcd                    text2        0034B
_isr                         intentry     00004
_lcd_delay                   text42       00E62
_lcd_power_of                text18       00757
_lcd_print_char              text39       00C09
_lcd_print_charS             text23       00CD4
_lcd_send_command            text3        00664
_lcd_set_cursor              text37       00D7A
_lcd_write_4bits             text41       00CEC
_lcd_write_cmd               text38       00D20
_lcd_write_data              text40       00D3C
_main                        maintext     00FC7
_mode                        bssBANK0     00069
_timer1_MUL                  dataBANK0    0006D
_timer1_cnt                  bssBANK0     00062
_timer1_value                nvBANK0      0006B
_v_timer0                    text4        00F8E
btemp                        (abs)        0007E
clear_ram0                   clrtext      00BF6
eeprom_read@addr             cstackCOMMON 00074
eeprom_write@addr            cstackCOMMON 00075
eeprom_write@value           cstackCOMMON 00074
end_of_initialization        cinit        0004A
init_ram                     inittext     00BFC
int$flags                    (abs)        0007E
intlevel0                    functab      00000
intlevel1                    functab      00000
intlevel2                    functab      00000
intlevel3                    functab      00000
intlevel4                    functab      00000
intlevel5                    functab      00000
lcd_delay@i                  cstackBANK0  00021
lcd_delay@j                  cstackBANK0  00023
lcd_delay@time               cstackBANK0  00020
lcd_power_of@A               cstackBANK0  0002C
lcd_power_of@i               cstackBANK0  00030
lcd_power_of@temp            cstackBANK0  00031
lcd_power_of@x               cstackBANK0  0002E
lcd_print_char@c             cstackBANK0  00028
lcd_print_charS@c            cstackCOMMON 00074
lcd_send_command@cmd         cstackBANK0  0002C
lcd_set_cursor@address       cstackBANK0  0002C
lcd_set_cursor@column        cstackBANK0  00028
lcd_set_cursor@row           cstackBANK0  0002B
lcd_write_4bits@dat          cstackBANK0  00025
lcd_write_cmd@cmd            cstackBANK0  00027
lcd_write_data@data          cstackBANK0  00027
reset_vec                    reset_vec    00000
start                        init         0001D
start_initialization         cinit        0001F
v_timer0@i                   cstackBANK0  00028
v_timer0@j                   cstackBANK0  0002A
v_timer0@time                cstackBANK0  00020
wtemp0                       (abs)        0007E


MODULE INFORMATION

Module		Function		Class		Link	Load	Size
fsm.c
		_FSM_Init      		CODE           	0BF1	0000	5
		_FSM_ModeControl		CODE           	004E	0000	765

fsm.c estimated size: 770

C:\Program Files\Microchip\xc8\v2.40\pic\sources\c99\common\lwdiv.c
		___lwdiv       		CODE           	0799	0000	61

C:\Program Files\Microchip\xc8\v2.40\pic\sources\c99\common\lwdiv.c estimated size: 61

button.c
		_BTN_IsPressed 		CODE           	0C7A	0000	22
		_BTN_IsPressed_ms		CODE           	0E0A	0000	43
		_BTN_Reading   		CODE           	04A4	0000	141
		_BTN_Init      		CODE           	0C1B	0000	11
		_BTN_IsHeld    		CODE           	0CBD	0000	23
		_BTN_IsPressed_s		CODE           	0C33	0000	15

button.c estimated size: 255

C:\Program Files\Microchip\xc8\v2.40\pic\sources\c99\common\awdiv.c
		___awdiv       		CODE           	05A9	0000	96

C:\Program Files\Microchip\xc8\v2.40\pic\sources\c99\common\awdiv.c estimated size: 96

C:\Program Files\Microchip\xc8\v2.40\pic\sources\c99\common\Umul16.c
		___wmul        		CODE           	0D5A	0000	32

C:\Program Files\Microchip\xc8\v2.40\pic\sources\c99\common\Umul16.c estimated size: 32

C:\Program Files\Microchip\xc8\v2.40\pic\sources\c99\common\__lldiv.c
		___lldiv       		CODE           	0609	0000	91

C:\Program Files\Microchip\xc8\v2.40\pic\sources\c99\common\__lldiv.c estimated size: 91

timer.c
		_TMR1_Stop     		CODE           	0BEB	0000	3
		_TMR1_Start    		CODE           	0C02	0000	7
		_TMR1_SetTime_ms		CODE           	0C65	0000	21
		_TMR1_Init     		CODE           	0C51	0000	20
		_TMR1_Isr      		CODE           	0CA6	0000	23

timer.c estimated size: 74

C:\Program Files\Microchip\xc8\v2.40\pic\sources\c99\pic\__eewrite.c
		_eeprom_write  		CODE           	0E8F	0000	48

C:\Program Files\Microchip\xc8\v2.40\pic\sources\c99\pic\__eewrite.c estimated size: 48

C:\Program Files\Microchip\xc8\v2.40\pic\sources\c99\common\Umul32.c
		___lmul        		CODE           	0EEF	0000	52

C:\Program Files\Microchip\xc8\v2.40\pic\sources\c99\common\Umul32.c estimated size: 52

eeprom.c
		_EEP_ReadAutoTime		CODE           	0D9B	0000	35
		_EEP_ReadCupTotal		CODE           	0C90	0000	22
		_EEP_SaveAutoTime		CODE           	0C26	0000	13
		_EEP_SaveCupTotal		CODE           	0C42	0000	15

eeprom.c estimated size: 85

output.c
		_MTR_Set       		CODE           	0C10	0000	11

output.c estimated size: 11

interrupt.c
		_isr           		CODE           	0004	0000	25
		_INT_Init      		CODE           	0BEE	0000	3

interrupt.c estimated size: 28

shared
		__initialization		CODE           	001F	0000	43

shared estimated size: 43

C:\Program Files\Microchip\xc8\v2.40\pic\sources\c99\common\lwmod.c
		___lwmod       		CODE           	0F23	0000	53

C:\Program Files\Microchip\xc8\v2.40\pic\sources\c99\common\lwmod.c estimated size: 53

C:\Program Files\Microchip\xc8\v2.40\pic\sources\c99\common\awmod.c
		___awmod       		CODE           	06B8	0000	84

C:\Program Files\Microchip\xc8\v2.40\pic\sources\c99\common\awmod.c estimated size: 84

lcd.c
		_lcd_write_data		CODE           	0D3C	0000	30
		_lcd_print_charS		CODE           	0CD4	0000	24
		_lcd_delay     		CODE           	0E62	0000	45
		_LcdPrintStringS		CODE           	07D6	0000	42
		_lcd_send_command		CODE           	0664	0000	84
		_lcd_power_of  		CODE           	0757	0000	66
		_v_timer0      		CODE           	0F8E	0000	57
		_lcd_write_4bits		CODE           	0CEC	0000	25
		_lcd_set_cursor		CODE           	0D7A	0000	33
		_init_lcd      		CODE           	034B	0000	176
		_LcdPrintNumS  		CODE           	03FB	0000	169
		_LcdPrintCharS 		CODE           	0DBE	0000	36
		_lcd_print_char		CODE           	0C09	0000	7
		_LcdPrintFloatS		CODE           	0531	0000	120
		_lcd_write_cmd 		CODE           	0D20	0000	28
		_DisplayLcdScreen		CODE           	0F58	0000	54

lcd.c estimated size: 996

C:\Program Files\Microchip\xc8\v2.40\pic\sources\c99\common\llmod.c
		___llmod       		CODE           	070C	0000	75

C:\Program Files\Microchip\xc8\v2.40\pic\sources\c99\common\llmod.c estimated size: 75

main.c
		_SYS_Init      		CODE           	0EBF	0000	48
		_main          		CODE           	0FC7	0000	57
		_Delay_ms      		CODE           	0E35	0000	45

main.c estimated size: 150

C:\Program Files\Microchip\xc8\v2.40\pic\sources\c99\pic\__eeread.c
		_eeprom_read   		CODE           	0D05	0000	27

C:\Program Files\Microchip\xc8\v2.40\pic\sources\c99\pic\__eeread.c estimated size: 27

