Microchip MPLAB XC8 Compiler V1.36 ()

Linker command line:

-W-3 --edf=C:\Program Files (x86)\Microchip\xc8\v1.36\dat\en_msgs.txt -cs \
  -h+dist/default/production\pic16_timer_CF.X.production.sym \
  --cmf=dist/default/production\pic16_timer_CF.X.production.cmf -z \
  -Q16F628A -oC:\Users\DELL\AppData\Local\Temp\s2ns.2 \
  -Mdist/default/production/pic16_timer_CF.X.production.map -E1 -ver=XC8 \
  -ASTACK=0A0h-0efh -pstack=STACK -ACODE=00h-07FFh -ASTRCODE=00h-07FFh \
  -ASTRING=00h-0FFhx8 -ACONST=00h-0FFhx8 -AENTRY=00h-0FFhx8 \
  -ACOMMON=070h-07Fh -ABANK0=020h-06Fh -ABANK1=0A0h-0EFh \
  -ABANK2=0120h-014Fh -ARAM=020h-06Fh,0A0h-0EFh,0120h-014Fh \
  -AABS1=020h-07Fh,0A0h-0EFh,0120h-014Fh -ASFR0=00h-01Fh -ASFR1=080h-09Fh \
  -ASFR2=0100h-011Fh -ASFR3=0180h-01EFh \
  -preset_vec=00h,intentry=04h,init,end_init -ppowerup=CODE -pcinit=CODE \
  -pfunctab=CODE -ACONFIG=02007h-02007h -pconfig=CONFIG -DCONFIG=2 \
  -AIDLOC=02000h-02003h -pidloc=IDLOC -DIDLOC=2 -AEEDATA=00h-07Fh/02100h \
  -peeprom_data=EEDATA -DEEDATA=2 -DCODE=2 -DSTRCODE=2 -DSTRING=2 -DCONST=2 \
  -DENTRY=2 -k C:\Users\DELL\AppData\Local\Temp\s2ns.obj \
  dist/default/production\pic16_timer_CF.X.production.obj 

Object code version is 3.11

Machine type is 16F628A



                Name                               Link     Load   Length Selector   Space Scale
C:\Users\DELL\AppData\Local\Temp\s2ns.obj
                end_init                             10       10        1        8       0
                reset_vec                             0        0        1        0       0
                idloc                              2000     2000        4     4000       0
                config                             2007     2007        1     400E       0
dist/default/production\pic16_timer_CF.X.production.obj
                cinit                                11       11       35        8       0
                intentry                              4        4        C        8       0
                text21                              3B2      3B2        E        8       0
                text20                              392      392       11        8       0
                text19                              3D4      3D4        A        8       0
                text18                              11D      11D       6C        8       0
                text17                              3E6      3E6        8        8       0
                text16                              3F2      3F2        4      7E4       0
                text15                              37D      37D       15        8       0
                text14                              2BA      2BA       24        8       0
                text13                              291      291       29        8       0
                text12                              3CA      3CA        A        8       0
                text11                              3C0      3C0        A        8       0
                text10                              189      189       5B        8       0
                text9                               368      368       15        8       0
                text8                               1E4      1E4       4D        8       0
                text7                               265      265       2C        8       0
                text6                               2DE      2DE       23        8       0
                text5                               231      231       34        8       0
                text4                               339      339       1A        8       0
                text3                               31D      31D       1C        8       0
                text2                               301      301       1C        8       0
                text1                               3A3      3A3        F        8       0
                swtext1                             3EE      3EE        4      7DC       0
                maintext                             46       46       D7        8       0
                cstackBANK0                          4A       4A       10       20       1
                cstackCOMMON                         70       70        9       70       1
                clrtext                             3DE      3DE        8        8       0
                dataBANK0                            35       35       15       20       1
                bssBANK0                             20       20       15       20       1
                bssCOMMON                            79       79        5       70       1
                nvBANK0                              5A       5A        1       20       1
                idataBANK0                          353      353       15        8       0

TOTAL           Name                               Link     Load   Length     Space
        CLASS   STACK          

        CLASS   CODE           
                end_init                             10       10        1         0
                cinit                                11       11       35         0
                intentry                              4        4        C         0
                reset_vec                             0        0        1         0
                text21                              3B2      3B2        E         0
                text20                              392      392       11         0
                text19                              3D4      3D4        A         0
                text18                              11D      11D       6C         0
                text17                              3E6      3E6        8         0
                text16                              3F2      3F2        4         0
                text15                              37D      37D       15         0
                text14                              2BA      2BA       24         0
                text13                              291      291       29         0
                text12                              3CA      3CA        A         0
                text11                              3C0      3C0        A         0
                text10                              189      189       5B         0
                text9                               368      368       15         0
                text8                               1E4      1E4       4D         0
                text7                               265      265       2C         0
                text6                               2DE      2DE       23         0
                text5                               231      231       34         0
                text4                               339      339       1A         0
                text3                               31D      31D       1C         0
                text2                               301      301       1C         0
                text1                               3A3      3A3        F         0
                maintext                             46       46       D7         0
                clrtext                             3DE      3DE        8         0
                idataBANK0                          353      353       15         0

        CLASS   STRCODE        

        CLASS   STRING         

        CLASS   CONST          
                swtext1                             3EE      3EE        4         0

        CLASS   ENTRY          

        CLASS   COMMON         
                cstackCOMMON                         70       70        9         1
                bssCOMMON                            79       79        5         1

        CLASS   BANK0          
                cstackBANK0                          4A       4A       10         1
                dataBANK0                            35       35       15         1
                bssBANK0                             20       20       15         1
                nvBANK0                              5A       5A        1         1

        CLASS   BANK1          

        CLASS   BANK2          

        CLASS   RAM            

        CLASS   ABS1           
                abs_s1                               7E       7E        2         1

        CLASS   SFR0           

        CLASS   SFR1           

        CLASS   SFR2           

        CLASS   SFR3           

        CLASS   CONFIG         
                config                             2007     2007        1         0

        CLASS   IDLOC          
                idloc                              2000     2000        4         0

        CLASS   EEDATA         

        CLASS   BANK3          



SEGMENTS        Name                           Load    Length   Top    Selector   Space  Class     Delta

                reset_vec                      000000  000001  000001         0       0  CODE        2
                intentry                       000004  0003EA  0003EE         8       0  CODE        2
                bssBANK0                       000020  00003B  00005B        20       1  BANK0       1
                cstackCOMMON                   000070  00000E  00007E        70       1  COMMON      1
                swtext1                        0003EE  000004  0003F2       7DC       0  CONST       2
                text16                         0003F2  000004  0003F6       7E4       0  CODE        2
                idloc                          002000  000004  002004      4000       0  IDLOC       2
                config                         002007  000001  002008      400E       0  CONFIG      2


UNUSED ADDRESS RANGES

        Name                Unused          Largest block    Delta
        BANK0            005B-006F             15           1
        BANK1            00A0-00EF             50           1
        BANK2            0120-014F             30           1
        CODE             0001-0003              3           2
                         03F6-07FF            40A
        CONST            0001-0003              3           2
                         03F6-07FF            100
        EEDATA           2100-217F             80           2
        ENTRY            0001-0003              3           2
                         03F6-07FF            100
        RAM              005B-006F             15           1
                         00A0-00EF             50
                         0120-014F             30
        SFR0             0000-001F             20           1
        SFR1             0080-009F             20           1
        SFR2             0100-011F             20           1
        SFR3             0180-01EF             70           1
        STACK            00A0-00EF             50           1
        STRCODE          0001-0003              3           2
                         03F6-07FF            40A
        STRING           0001-0003              3           2
                         03F6-07FF            100

                                  Symbol Table

?___awdiv                     cstackBANK0  004A
?___awmod                     cstackBANK0  004A
Delay_ms@delay                cstackBANK0  004A
Delay_ms@i                    cstackBANK0  004C
Delay_ms@j                    cstackBANK0  004E
Display@number                cstackCOMMON 0070
LedEnable@index               cstackCOMMON 0070
ReadEEPROM@address            cstackBANK0  004A
RelayOn@flag                  cstackBANK0  004A
SetTimer1_ms@time             cstackBANK0  0053
UpdateLed@index               cstackCOMMON 0071
UpdateLedBuffer@time          cstackBANK0  0056
WriteEEPROM@address           cstackBANK0  004B
WriteEEPROM@data              cstackBANK0  004A
_CMCON                        (abs)        001F
_Delay_ms                     text13       0291
_Display                      text21       03B2
_EEADR                        (abs)        009B
_EECON1bits                   (abs)        009C
_EECON2                       (abs)        009D
_EEDATA                       (abs)        009A
_GIE                          (abs)        005F
_INTCONbits                   (abs)        000B
_InitSystem                   text5        0231
_LEDBuffer                    dataBANK0    0046
_LEDDisplay                   dataBANK0    0035
_LedEnable                    text20       0392
_PEIE                         (abs)        005E
_PIR1bits                     (abs)        000C
_PORTA                        (abs)        0005
_PORTAbits                    (abs)        0005
_PORTB                        (abs)        0006
_ReadEEPROM                   text12       03CA
_RelayOn                      text11       03C0
_SetTimer1_ms                 text9        0368
_T1CONbits                    (abs)        0010
_TIME                         bssBANK0     0030
_TMR1                         (abs)        000E
_TMR1IE                       (abs)        0460
_TMR1IF                       (abs)        0060
_TRISA                        (abs)        0085
_TRISB                        (abs)        0086
_UpdateLed                    text19       03D4
_UpdateLedBuffer              text7        0265
_WriteEEPROM                  text4        0339
__CFG_BOREN$OFF               (abs)        0000
__CFG_CP$OFF                  (abs)        0000
__CFG_CPD$OFF                 (abs)        0000
__CFG_FOSC$INTOSCIO           (abs)        0000
__CFG_LVP$OFF                 (abs)        0000
__CFG_MCLRE$OFF               (abs)        0000
__CFG_PWRTE$OFF               (abs)        0000
__CFG_WDTE$OFF                (abs)        0000
__Habs1                       abs1         0000
__Hbank0                      bank0        0000
__Hbank1                      bank1        0000
__Hbank2                      bank2        0000
__Hbank3                      bank3        0000
__HbssBANK0                   bssBANK0     0000
__HbssCOMMON                  bssCOMMON    0000
__Hcinit                      cinit        0046
__Hclrtext                    clrtext      0000
__Hcode                       code         0000
__Hcommon                     common       0000
__Hconfig                     config       2008
__HcstackBANK0                cstackBANK0  0000
__HcstackCOMMON               cstackCOMMON 0000
__HdataBANK0                  dataBANK0    0000
__Heeprom_data                eeprom_data  0000
__Hend_init                   end_init     0011
__Hfunctab                    functab      0000
__HidataBANK0                 idataBANK0   0000
__Hidloc                      idloc        2004
__Hinit                       init         0010
__Hintentry                   intentry     0010
__Hmaintext                   maintext     0000
__HnvBANK0                    nvBANK0      0000
__Hpowerup                    powerup      0000
__Hram                        ram          0000
__Hreset_vec                  reset_vec    0001
__Hsfr0                       sfr0         0000
__Hsfr1                       sfr1         0000
__Hsfr2                       sfr2         0000
__Hsfr3                       sfr3         0000
__Hspace_0                    (abs)        2008
__Hspace_1                    (abs)        007E
__Hspace_2                    (abs)        0000
__Hspace_3                    (abs)        0000
__Hstack                      stack        0000
__Hstrings                    strings      0000
__Htext                       text         0000
__Labs1                       abs1         0000
__Lbank0                      bank0        0000
__Lbank1                      bank1        0000
__Lbank2                      bank2        0000
__Lbank3                      bank3        0000
__LbssBANK0                   bssBANK0     0000
__LbssCOMMON                  bssCOMMON    0000
__Lcinit                      cinit        0011
__Lclrtext                    clrtext      0000
__Lcode                       code         0000
__Lcommon                     common       0000
__Lconfig                     config       2007
__LcstackBANK0                cstackBANK0  0000
__LcstackCOMMON               cstackCOMMON 0000
__LdataBANK0                  dataBANK0    0000
__Leeprom_data                eeprom_data  0000
__Lend_init                   end_init     0010
__Lfunctab                    functab      0000
__LidataBANK0                 idataBANK0   0000
__Lidloc                      idloc        2000
__Linit                       init         0010
__Lintentry                   intentry     0004
__Lmaintext                   maintext     0000
__LnvBANK0                    nvBANK0      0000
__Lpowerup                    powerup      0000
__Lram                        ram          0000
__Lreset_vec                  reset_vec    0000
__Lsfr0                       sfr0         0000
__Lsfr1                       sfr1         0000
__Lsfr2                       sfr2         0000
__Lsfr3                       sfr3         0000
__Lspace_0                    (abs)        0000
__Lspace_1                    (abs)        0000
__Lspace_2                    (abs)        0000
__Lspace_3                    (abs)        0000
__Lstack                      stack        0000
__Lstrings                    strings      0000
__Ltext                       text         0000
__S0                          (abs)        2008
__S1                          (abs)        007E
__S2                          (abs)        0000
__S3                          (abs)        0000
___awdiv                      text10       0189
___awdiv@counter              cstackBANK0  004F
___awdiv@dividend             cstackBANK0  004C
___awdiv@divisor              cstackBANK0  004A
___awdiv@quotient             cstackBANK0  0051
___awdiv@sign                 cstackBANK0  0050
___awmod                      text8        01E4
___awmod@counter              cstackBANK0  004F
___awmod@dividend             cstackBANK0  004C
___awmod@divisor              cstackBANK0  004A
___awmod@sign                 cstackBANK0  0050
___int_sp                     stack        0000
___latbits                    (abs)        0000
___sp                         stack        0000
__end_of_Delay_ms             text13       02BA
__end_of_Display              text21       03C0
__end_of_InitSystem           text5        0265
__end_of_LedEnable            text20       03A3
__end_of_ReadEEPROM           text12       03D4
__end_of_RelayOn              text11       03CA
__end_of_SetTimer1_ms         text9        037D
__end_of_UpdateLed            text19       03DE
__end_of_UpdateLedBuffer      text7        0291
__end_of_WriteEEPROM          text4        0353
__end_of___awdiv              text10       01E4
__end_of___awmod              text8        0231
__end_of__initialization      cinit        0044
__end_of_button_reading       text18       0189
__end_of_init_timer1          text6        0301
__end_of_is_button_held       text3        0339
__end_of_is_button_pressed    text2        031D
__end_of_is_button_pressed_s  text1        03B2
__end_of_main                 maintext     011D
__end_of_start_timer1         text17       03EE
__end_of_stop_timer1          text16       03F6
__end_of_timer1               text14       02DE
__end_of_timer1_isr           text15       0392
__initialization              cinit        0011
__pbssBANK0                   bssBANK0     0020
__pbssCOMMON                  bssCOMMON    0079
__pcstackBANK0                cstackBANK0  004A
__pcstackCOMMON               cstackCOMMON 0070
__pdataBANK0                  dataBANK0    0035
__pidataBANK0                 idataBANK0   0353
__pintentry                   intentry     0004
__pmaintext                   maintext     0046
__pnvBANK0                    nvBANK0      005A
__pswtext1                    swtext1      03EE
__ptext1                      text1        03A3
__ptext10                     text10       0189
__ptext11                     text11       03C0
__ptext12                     text12       03CA
__ptext13                     text13       0291
__ptext14                     text14       02BA
__ptext15                     text15       037D
__ptext16                     text16       03F2
__ptext17                     text17       03E6
__ptext18                     text18       011D
__ptext19                     text19       03D4
__ptext2                      text2        0301
__ptext20                     text20       0392
__ptext21                     text21       03B2
__ptext3                      text3        031D
__ptext4                      text4        0339
__ptext5                      text5        0231
__ptext6                      text6        02DE
__ptext7                      text7        0265
__ptext8                      text8        01E4
__ptext9                      text9        0368
__size_of_Delay_ms            (abs)        0000
__size_of_Display             (abs)        0000
__size_of_InitSystem          (abs)        0000
__size_of_LedEnable           (abs)        0000
__size_of_ReadEEPROM          (abs)        0000
__size_of_RelayOn             (abs)        0000
__size_of_SetTimer1_ms        (abs)        0000
__size_of_UpdateLed           (abs)        0000
__size_of_UpdateLedBuffer     (abs)        0000
__size_of_WriteEEPROM         (abs)        0000
__size_of___awdiv             (abs)        0000
__size_of___awmod             (abs)        0000
__size_of_button_reading      (abs)        0000
__size_of_init_timer1         (abs)        0000
__size_of_is_button_held      (abs)        0000
__size_of_is_button_pressed   (abs)        0000
__size_of_is_button_pressed_s (abs)        0000
__size_of_main                (abs)        0000
__size_of_start_timer1        (abs)        0000
__size_of_stop_timer1         (abs)        0000
__size_of_timer1              (abs)        0000
__size_of_timer1_isr          (abs)        0000
_addressEEPROMused            bssBANK0     0031
_buttonBuffer                 dataBANK0    0040
_buttonInputMask              dataBANK0    0043
_button_reading               text18       011D
_cleaning_counter             nvBANK0      005A
_counterForButtonPress        bssBANK0     0020
_debounceButtonBuffer1        bssCOMMON    0079
_debounceButtonBuffer2        bssBANK0     0026
_flagForButtonPress_s         bssBANK0     0029
_flag_timer1                  bssBANK0     0032
_index                        bssCOMMON    007D
_init_timer1                  text6        02DE
_is_button_held               text3        031D
_is_button_pressed            text2        0301
_is_button_pressed_s          text1        03A3
_main                         maintext     0046
_mode                         bssBANK0     0033
_pumpState                    bssBANK0     0034
_start_timer1                 text17       03E6
_stop_timer1                  text16       03F2
_time1_MUL                    dataBANK0    0048
_timer1                       text14       02BA
_timer1_cnt                   bssBANK0     002C
_timer1_isr                   text15       037D
_timer1_value                 bssBANK0     002E
btemp                         (abs)        007E
button_reading@i              cstackCOMMON 0073
clear_ram0                    clrtext      03DE
end_of_initialization         cinit        0044
init_timer1@count             cstackBANK0  004A
interrupt_function            intentry     0004
intlevel0                     functab      0000
intlevel1                     functab      0000
intlevel2                     functab      0000
intlevel3                     functab      0000
intlevel4                     functab      0000
intlevel5                     functab      0000
is_button_held@index          cstackBANK0  004D
is_button_pressed@index       cstackBANK0  004D
is_button_pressed_s@index     cstackBANK0  004A
ltemp                         (abs)        007E
ltemp0                        (abs)        007E
ltemp1                        (abs)        0082
ltemp2                        (abs)        0086
ltemp3                        (abs)        0080
main@counter                  cstackBANK0  0059
reset_vec                     reset_vec    0000
saved_w                       (abs)        007E
stackhi                       (abs)        0000
stacklo                       (abs)        0000
start                         init         0010
start_initialization          cinit        0011
ttemp                         (abs)        007E
ttemp0                        (abs)        007E
ttemp1                        (abs)        0081
ttemp2                        (abs)        0084
ttemp3                        (abs)        0087
ttemp4                        (abs)        007F
wtemp                         (abs)        007E
wtemp0                        (abs)        007E
wtemp1                        (abs)        0080
wtemp2                        (abs)        0082
wtemp3                        (abs)        0084
wtemp4                        (abs)        0086
wtemp5                        (abs)        0088
wtemp6                        (abs)        007F


FUNCTION INFORMATION:

 *************** function _main *****************
 Defined at:
		line 40 in file "main.c"
 Parameters:    Size  Location     Type
		None
 Auto vars:     Size  Location     Type
  counter         1   15[BANK0 ] unsigned char 
 Return value:  Size  Location     Type
                  1    wreg      void 
 Registers used:
		wreg, fsr0l, fsr0h, status,2, status,0, pclath, cstack
 Tracked objects:
		On entry : 
		On exit  : 
		Unchanged: 
 Data sizes:     COMMON   BANK0   BANK1   BANK2
      Params:         0       0       0       0
      Locals:         0       1       0       0
      Temps:          0       1       0       0
      Totals:         0       2       0       0
Total ram usage:        2 bytes
 Hardware stack levels required when called:    6
 This function calls:
		_Delay_ms
		_InitSystem
		_RelayOn
		_SetTimer1_ms
		_UpdateLedBuffer
		_WriteEEPROM
		_is_button_held
		_is_button_pressed
		_is_button_pressed_s
 This function is called by:
		Startup code after reset
 This function uses a non-reentrant model


 *************** function _is_button_pressed_s *****************
 Defined at:
		line 49 in file "button.c"
 Parameters:    Size  Location     Type
  index           1    wreg     unsigned char 
 Auto vars:     Size  Location     Type
  index           1    0[BANK0 ] unsigned char 
 Return value:  Size  Location     Type
                  1    wreg      unsigned char 
 Registers used:
		wreg, fsr0l, fsr0h, status,2, status,0
 Tracked objects:
		On entry : 
		On exit  : 
		Unchanged: 
 Data sizes:     COMMON   BANK0   BANK1   BANK2
      Params:         0       0       0       0
      Locals:         0       1       0       0
      Temps:          0       0       0       0
      Totals:         0       1       0       0
Total ram usage:        1 bytes
 Hardware stack levels used:    1
 Hardware stack levels required when called:    3
 This function calls:
		Nothing
 This function is called by:
		_main
 This function uses a non-reentrant model


 *************** function _is_button_pressed *****************
 Defined at:
		line 44 in file "button.c"
 Parameters:    Size  Location     Type
  index           1    wreg     unsigned char 
 Auto vars:     Size  Location     Type
  index           1    3[BANK0 ] unsigned char 
 Return value:  Size  Location     Type
                  1    wreg      unsigned char 
 Registers used:
		wreg, fsr0l, fsr0h, status,2, status,0
 Tracked objects:
		On entry : 
		On exit  : 
		Unchanged: 
 Data sizes:     COMMON   BANK0   BANK1   BANK2
      Params:         0       0       0       0
      Locals:         0       1       0       0
      Temps:          0       3       0       0
      Totals:         0       4       0       0
Total ram usage:        4 bytes
 Hardware stack levels used:    1
 Hardware stack levels required when called:    3
 This function calls:
		Nothing
 This function is called by:
		_main
 This function uses a non-reentrant model


 *************** function _is_button_held *****************
 Defined at:
		line 38 in file "button.c"
 Parameters:    Size  Location     Type
  index           1    wreg     unsigned char 
 Auto vars:     Size  Location     Type
  index           1    3[BANK0 ] unsigned char 
 Return value:  Size  Location     Type
                  1    wreg      unsigned char 
 Registers used:
		wreg, fsr0l, fsr0h, status,2, status,0
 Tracked objects:
		On entry : 
		On exit  : 
		Unchanged: 
 Data sizes:     COMMON   BANK0   BANK1   BANK2
      Params:         0       0       0       0
      Locals:         0       1       0       0
      Temps:          0       3       0       0
      Totals:         0       4       0       0
Total ram usage:        4 bytes
 Hardware stack levels used:    1
 Hardware stack levels required when called:    3
 This function calls:
		Nothing
 This function is called by:
		_main
 This function uses a non-reentrant model


 *************** function _WriteEEPROM *****************
 Defined at:
		line 169 in file "main.c"
 Parameters:    Size  Location     Type
  address         1    wreg     unsigned char 
  data            1    0[BANK0 ] unsigned char 
 Auto vars:     Size  Location     Type
  address         1    1[BANK0 ] unsigned char 
 Return value:  Size  Location     Type
                  1    wreg      void 
 Registers used:
		wreg
 Tracked objects:
		On entry : 
		On exit  : 
		Unchanged: 
 Data sizes:     COMMON   BANK0   BANK1   BANK2
      Params:         0       1       0       0
      Locals:         0       1       0       0
      Temps:          0       0       0       0
      Totals:         0       2       0       0
Total ram usage:        2 bytes
 Hardware stack levels used:    1
 Hardware stack levels required when called:    3
 This function calls:
		Nothing
 This function is called by:
		_main
 This function uses a non-reentrant model


 *************** function _InitSystem *****************
 Defined at:
		line 129 in file "main.c"
 Parameters:    Size  Location     Type
		None
 Auto vars:     Size  Location     Type
		None
 Return value:  Size  Location     Type
                  1    wreg      void 
 Registers used:
		wreg, status,2, status,0, pclath, cstack
 Tracked objects:
		On entry : 
		On exit  : 
		Unchanged: 
 Data sizes:     COMMON   BANK0   BANK1   BANK2
      Params:         0       0       0       0
      Locals:         0       0       0       0
      Temps:          0       1       0       0
      Totals:         0       1       0       0
Total ram usage:        1 bytes
 Hardware stack levels used:    1
 Hardware stack levels required when called:    5
 This function calls:
		_ReadEEPROM
		_RelayOn
		_SetTimer1_ms
		_UpdateLedBuffer
		_init_timer1
 This function is called by:
		_main
 This function uses a non-reentrant model


 *************** function _init_timer1 *****************
 Defined at:
		line 8 in file "timer.c"
 Parameters:    Size  Location     Type
  count           2    0[BANK0 ] unsigned int 
 Auto vars:     Size  Location     Type
		None
 Return value:  Size  Location     Type
                  1    wreg      void 
 Registers used:
		wreg, status,2, status,0
 Tracked objects:
		On entry : 
		On exit  : 
		Unchanged: 
 Data sizes:     COMMON   BANK0   BANK1   BANK2
      Params:         0       2       0       0
      Locals:         0       0       0       0
      Temps:          0       2       0       0
      Totals:         0       4       0       0
Total ram usage:        4 bytes
 Hardware stack levels used:    1
 Hardware stack levels required when called:    3
 This function calls:
		Nothing
 This function is called by:
		_InitSystem
 This function uses a non-reentrant model


 *************** function _UpdateLedBuffer *****************
 Defined at:
		line 33 in file "led7seg.c"
 Parameters:    Size  Location     Type
  time            1    wreg     unsigned char 
 Auto vars:     Size  Location     Type
  time            1   12[BANK0 ] unsigned char 
 Return value:  Size  Location     Type
                  1    wreg      void 
 Registers used:
		wreg, status,2, status,0, pclath, cstack
 Tracked objects:
		On entry : 
		On exit  : 
		Unchanged: 
 Data sizes:     COMMON   BANK0   BANK1   BANK2
      Params:         0       0       0       0
      Locals:         0       1       0       0
      Temps:          0       3       0       0
      Totals:         0       4       0       0
Total ram usage:        4 bytes
 Hardware stack levels used:    1
 Hardware stack levels required when called:    4
 This function calls:
		___awdiv
		___awmod
 This function is called by:
		_main
		_InitSystem
 This function uses a non-reentrant model


 *************** function ___awmod *****************
 Defined at:
		line 6 in file "C:\Program Files (x86)\Microchip\xc8\v1.36\sources\common\awmod.c"
 Parameters:    Size  Location     Type
  divisor         2    0[BANK0 ] int 
  dividend        2    2[BANK0 ] int 
 Auto vars:     Size  Location     Type
  sign            1    6[BANK0 ] unsigned char 
  counter         1    5[BANK0 ] unsigned char 
 Return value:  Size  Location     Type
                  2    0[BANK0 ] int 
 Registers used:
		wreg, status,2, status,0
 Tracked objects:
		On entry : 
		On exit  : 
		Unchanged: 
 Data sizes:     COMMON   BANK0   BANK1   BANK2
      Params:         0       4       0       0
      Locals:         0       2       0       0
      Temps:          0       1       0       0
      Totals:         0       7       0       0
Total ram usage:        7 bytes
 Hardware stack levels used:    1
 Hardware stack levels required when called:    3
 This function calls:
		Nothing
 This function is called by:
		_UpdateLedBuffer
 This function uses a non-reentrant model


 *************** function _SetTimer1_ms *****************
 Defined at:
		line 47 in file "timer.c"
 Parameters:    Size  Location     Type
  time            2    9[BANK0 ] int 
 Auto vars:     Size  Location     Type
		None
 Return value:  Size  Location     Type
                  1    wreg      void 
 Registers used:
		wreg, status,2, status,0, pclath, cstack
 Tracked objects:
		On entry : 
		On exit  : 
		Unchanged: 
 Data sizes:     COMMON   BANK0   BANK1   BANK2
      Params:         0       2       0       0
      Locals:         0       0       0       0
      Temps:          0       0       0       0
      Totals:         0       2       0       0
Total ram usage:        2 bytes
 Hardware stack levels used:    1
 Hardware stack levels required when called:    4
 This function calls:
		___awdiv
 This function is called by:
		_main
		_InitSystem
 This function uses a non-reentrant model


 *************** function ___awdiv *****************
 Defined at:
		line 6 in file "C:\Program Files (x86)\Microchip\xc8\v1.36\sources\common\awdiv.c"
 Parameters:    Size  Location     Type
  divisor         2    0[BANK0 ] int 
  dividend        2    2[BANK0 ] int 
 Auto vars:     Size  Location     Type
  quotient        2    7[BANK0 ] int 
  sign            1    6[BANK0 ] unsigned char 
  counter         1    5[BANK0 ] unsigned char 
 Return value:  Size  Location     Type
                  2    0[BANK0 ] int 
 Registers used:
		wreg, status,2, status,0
 Tracked objects:
		On entry : 
		On exit  : 
		Unchanged: 
 Data sizes:     COMMON   BANK0   BANK1   BANK2
      Params:         0       4       0       0
      Locals:         0       4       0       0
      Temps:          0       1       0       0
      Totals:         0       9       0       0
Total ram usage:        9 bytes
 Hardware stack levels used:    1
 Hardware stack levels required when called:    3
 This function calls:
		Nothing
 This function is called by:
		_UpdateLedBuffer
		_SetTimer1_ms
 This function uses a non-reentrant model


 *************** function _RelayOn *****************
 Defined at:
		line 159 in file "main.c"
 Parameters:    Size  Location     Type
  flag            1    wreg     unsigned char 
 Auto vars:     Size  Location     Type
  flag            1    0[BANK0 ] unsigned char 
 Return value:  Size  Location     Type
                  1    wreg      void 
 Registers used:
		wreg, status,2, status,0
 Tracked objects:
		On entry : 
		On exit  : 
		Unchanged: 
 Data sizes:     COMMON   BANK0   BANK1   BANK2
      Params:         0       0       0       0
      Locals:         0       1       0       0
      Temps:          0       0       0       0
      Totals:         0       1       0       0
Total ram usage:        1 bytes
 Hardware stack levels used:    1
 Hardware stack levels required when called:    3
 This function calls:
		Nothing
 This function is called by:
		_main
		_InitSystem
 This function uses a non-reentrant model


 *************** function _ReadEEPROM *****************
 Defined at:
		line 164 in file "main.c"
 Parameters:    Size  Location     Type
  address         1    wreg     unsigned char 
 Auto vars:     Size  Location     Type
  address         1    0[BANK0 ] unsigned char 
 Return value:  Size  Location     Type
                  1    wreg      unsigned char 
 Registers used:
		wreg
 Tracked objects:
		On entry : 
		On exit  : 
		Unchanged: 
 Data sizes:     COMMON   BANK0   BANK1   BANK2
      Params:         0       0       0       0
      Locals:         0       1       0       0
      Temps:          0       0       0       0
      Totals:         0       1       0       0
Total ram usage:        1 bytes
 Hardware stack levels used:    1
 Hardware stack levels required when called:    3
 This function calls:
		Nothing
 This function is called by:
		_InitSystem
 This function uses a non-reentrant model


 *************** function _Delay_ms *****************
 Defined at:
		line 152 in file "main.c"
 Parameters:    Size  Location     Type
  delay           2    0[BANK0 ] unsigned int 
 Auto vars:     Size  Location     Type
  j               2    4[BANK0 ] unsigned int 
  i               2    2[BANK0 ] unsigned int 
 Return value:  Size  Location     Type
                  1    wreg      void 
 Registers used:
		wreg, status,2
 Tracked objects:
		On entry : 
		On exit  : 
		Unchanged: 
 Data sizes:     COMMON   BANK0   BANK1   BANK2
      Params:         0       2       0       0
      Locals:         0       4       0       0
      Temps:          0       0       0       0
      Totals:         0       6       0       0
Total ram usage:        6 bytes
 Hardware stack levels used:    1
 Hardware stack levels required when called:    3
 This function calls:
		Nothing
 This function is called by:
		_main
 This function uses a non-reentrant model


 *************** function _timer1 *****************
 Defined at:
		line 29 in file "main.c"
 Parameters:    Size  Location     Type
		None
 Auto vars:     Size  Location     Type
		None
 Return value:  Size  Location     Type
                  1    wreg      void 
 Registers used:
		wreg, fsr0l, fsr0h, status,2, status,0, pclath, cstack
 Tracked objects:
		On entry : 
		On exit  : 
		Unchanged: 
 Data sizes:     COMMON   BANK0   BANK1   BANK2
      Params:         0       0       0       0
      Locals:         0       0       0       0
      Temps:          5       0       0       0
      Totals:         5       0       0       0
Total ram usage:        5 bytes
 Hardware stack levels used:    1
 Hardware stack levels required when called:    2
 This function calls:
		_UpdateLed
		_button_reading
		_start_timer1
		_stop_timer1
		_timer1_isr
 This function is called by:
		Interrupt level 1
 This function uses a non-reentrant model


 *************** function _timer1_isr *****************
 Defined at:
		line 36 in file "timer.c"
 Parameters:    Size  Location     Type
		None
 Auto vars:     Size  Location     Type
		None
 Return value:  Size  Location     Type
                  1    wreg      void 
 Registers used:
		wreg, status,2
 Tracked objects:
		On entry : 
		On exit  : 
		Unchanged: 
 Data sizes:     COMMON   BANK0   BANK1   BANK2
      Params:         0       0       0       0
      Locals:         0       0       0       0
      Temps:          0       0       0       0
      Totals:         0       0       0       0
Total ram usage:        0 bytes
 Hardware stack levels used:    1
 This function calls:
		Nothing
 This function is called by:
		_timer1
 This function uses a non-reentrant model


 *************** function _stop_timer1 *****************
 Defined at:
		line 32 in file "timer.c"
 Parameters:    Size  Location     Type
		None
 Auto vars:     Size  Location     Type
		None
 Return value:  Size  Location     Type
                  1    wreg      void 
 Registers used:
		None
 Tracked objects:
		On entry : 
		On exit  : 
		Unchanged: 
 Data sizes:     COMMON   BANK0   BANK1   BANK2
      Params:         0       0       0       0
      Locals:         0       0       0       0
      Temps:          0       0       0       0
      Totals:         0       0       0       0
Total ram usage:        0 bytes
 Hardware stack levels used:    1
 This function calls:
		Nothing
 This function is called by:
		_timer1
 This function uses a non-reentrant model


 *************** function _start_timer1 *****************
 Defined at:
		line 26 in file "timer.c"
 Parameters:    Size  Location     Type
		None
 Auto vars:     Size  Location     Type
		None
 Return value:  Size  Location     Type
                  1    wreg      void 
 Registers used:
		wreg
 Tracked objects:
		On entry : 
		On exit  : 
		Unchanged: 
 Data sizes:     COMMON   BANK0   BANK1   BANK2
      Params:         0       0       0       0
      Locals:         0       0       0       0
      Temps:          0       0       0       0
      Totals:         0       0       0       0
Total ram usage:        0 bytes
 Hardware stack levels used:    1
 This function calls:
		Nothing
 This function is called by:
		_timer1
 This function uses a non-reentrant model


 *************** function _button_reading *****************
 Defined at:
		line 15 in file "button.c"
 Parameters:    Size  Location     Type
		None
 Auto vars:     Size  Location     Type
  i               1    3[COMMON] unsigned char 
 Return value:  Size  Location     Type
                  1    wreg      void 
 Registers used:
		wreg, fsr0l, fsr0h, status,2, status,0
 Tracked objects:
		On entry : 
		On exit  : 
		Unchanged: 
 Data sizes:     COMMON   BANK0   BANK1   BANK2
      Params:         0       0       0       0
      Locals:         1       0       0       0
      Temps:          3       0       0       0
      Totals:         4       0       0       0
Total ram usage:        4 bytes
 Hardware stack levels used:    1
 This function calls:
		Nothing
 This function is called by:
		_timer1
 This function uses a non-reentrant model


 *************** function _UpdateLed *****************
 Defined at:
		line 39 in file "led7seg.c"
 Parameters:    Size  Location     Type
  index           1    wreg     unsigned char 
 Auto vars:     Size  Location     Type
  index           1    1[COMMON] unsigned char 
 Return value:  Size  Location     Type
                  1    wreg      void 
 Registers used:
		wreg, fsr0l, fsr0h, status,2, status,0, pclath, cstack
 Tracked objects:
		On entry : 
		On exit  : 
		Unchanged: 
 Data sizes:     COMMON   BANK0   BANK1   BANK2
      Params:         0       0       0       0
      Locals:         1       0       0       0
      Temps:          0       0       0       0
      Totals:         1       0       0       0
Total ram usage:        1 bytes
 Hardware stack levels used:    1
 Hardware stack levels required when called:    1
 This function calls:
		_Display
		_LedEnable
 This function is called by:
		_timer1
 This function uses a non-reentrant model


 *************** function _LedEnable *****************
 Defined at:
		line 22 in file "led7seg.c"
 Parameters:    Size  Location     Type
  index           1    wreg     unsigned char 
 Auto vars:     Size  Location     Type
  index           1    0[COMMON] unsigned char 
 Return value:  Size  Location     Type
                  1    wreg      void 
 Registers used:
		wreg, status,2, status,0
 Tracked objects:
		On entry : 
		On exit  : 
		Unchanged: 
 Data sizes:     COMMON   BANK0   BANK1   BANK2
      Params:         0       0       0       0
      Locals:         1       0       0       0
      Temps:          0       0       0       0
      Totals:         1       0       0       0
Total ram usage:        1 bytes
 Hardware stack levels used:    1
 This function calls:
		Nothing
 This function is called by:
		_UpdateLed
 This function uses a non-reentrant model


 *************** function _Display *****************
 Defined at:
		line 16 in file "led7seg.c"
 Parameters:    Size  Location     Type
  number          1    wreg     unsigned char 
 Auto vars:     Size  Location     Type
  number          1    0[COMMON] unsigned char 
 Return value:  Size  Location     Type
                  1    wreg      void 
 Registers used:
		wreg, fsr0l, fsr0h, status,2, status,0
 Tracked objects:
		On entry : 
		On exit  : 
		Unchanged: 
 Data sizes:     COMMON   BANK0   BANK1   BANK2
      Params:         0       0       0       0
      Locals:         1       0       0       0
      Temps:          0       0       0       0
      Totals:         1       0       0       0
Total ram usage:        1 bytes
 Hardware stack levels used:    1
 This function calls:
		Nothing
 This function is called by:
		_UpdateLed
 This function uses a non-reentrant model



MODULE INFORMATION

Module		Function		Class		Link	Load	Size
button.c
		_button_reading		CODE           	011D	0000	109
		_is_button_pressed_s		CODE           	03A3	0000	16
		_is_button_pressed		CODE           	0301	0000	29
		_is_button_held		CODE           	031D	0000	29

button.c estimated size: 183

C:\Program Files (x86)\Microchip\xc8\v1.36\sources\common\awdiv.c
		___awdiv       		CODE           	0189	0000	92

C:\Program Files (x86)\Microchip\xc8\v1.36\sources\common\awdiv.c estimated size: 92

timer.c
		_start_timer1  		CODE           	03E6	0000	9
		_SetTimer1_ms  		CODE           	0368	0000	22
		_init_timer1   		CODE           	02DE	0000	36
		_stop_timer1   		CODE           	03F2	0000	5
		_timer1_isr    		CODE           	037D	0000	22

timer.c estimated size: 94

led7seg.c
		_LedEnable     		CODE           	0392	0000	18
		_UpdateLed     		CODE           	03D4	0000	11
		_UpdateLedBuffer		CODE           	0265	0000	45
		_Display       		CODE           	03B2	0000	15

led7seg.c estimated size: 89

shared
		__initialization		CODE           	0011	0000	52

shared estimated size: 52

C:\Program Files (x86)\Microchip\xc8\v1.36\sources\common\awmod.c
		___awmod       		CODE           	01E4	0000	78

C:\Program Files (x86)\Microchip\xc8\v1.36\sources\common\awmod.c estimated size: 78

main.c
		_main          		CODE           	0046	0000	216
		_timer1        		CODE           	02BA	0000	37
		_Delay_ms      		CODE           	0291	0000	42
		_ReadEEPROM    		CODE           	03CA	0000	11
		_WriteEEPROM   		CODE           	0339	0000	27
		_InitSystem    		CODE           	0231	0000	53
		_RelayOn       		CODE           	03C0	0000	11

main.c estimated size: 397

