Microchip MPLAB XC8 Compiler V1.36 ()

Linker command line:

-W-3 --edf=C:\Program Files (x86)\Microchip\xc8\v1.36\dat\en_msgs.txt -cs \
  -h+dist/default/production\pic16_LCD.X.production.sym \
  --cmf=dist/default/production\pic16_LCD.X.production.cmf -z -Q16F628A \
  -oC:\Users\DELL\AppData\Local\Temp\s6ho.2 \
  -Mdist/default/production/pic16_LCD.X.production.map -E1 -ver=XC8 \
  -ASTACK=0A0h-0efh -pstack=STACK -ACODE=00h-07FFh -ASTRCODE=00h-07FFh \
  -ASTRING=00h-0FFhx8 -ACONST=00h-0FFhx8 -AENTRY=00h-0FFhx8 \
  -ACOMMON=070h-07Fh -ABANK0=020h-06Fh -ABANK1=0A0h-0EFh \
  -ABANK2=0120h-014Fh -ARAM=020h-06Fh,0A0h-0EFh,0120h-014Fh \
  -AABS1=020h-07Fh,0A0h-0EFh,0120h-014Fh -ASFR0=00h-01Fh -ASFR1=080h-09Fh \
  -ASFR2=0100h-011Fh -ASFR3=0180h-01EFh \
  -preset_vec=00h,intentry=04h,init,end_init -ppowerup=CODE -pcinit=CODE \
  -pfunctab=CODE -ACONFIG=02007h-02007h -pconfig=CONFIG -DCONFIG=2 \
  -AIDLOC=02000h-02003h -pidloc=IDLOC -DIDLOC=2 -AEEDATA=00h-07Fh/02100h \
  -peeprom_data=EEDATA -DEEDATA=2 -DCODE=2 -DSTRCODE=2 -DSTRING=2 -DCONST=2 \
  -DENTRY=2 -k C:\Users\DELL\AppData\Local\Temp\s6ho.obj \
  dist/default/production\pic16_LCD.X.production.obj 

Object code version is 3.11

Machine type is 16F628A



                Name                               Link     Load   Length Selector   Space Scale
C:\Users\DELL\AppData\Local\Temp\s6ho.obj
                end_init                             10       10        1        8       0
                reset_vec                             0        0        1        0       0
                idloc                              2000     2000        4     4000       0
                config                             2007     2007        1     400E       0
dist/default/production\pic16_LCD.X.production.obj
                cinit                                11       11       15        8       0
                intentry                              4        4        C        8       0
                text22                              3F8      3F8        8      4F2       0
                text21                              406      406        4      4F2       0
                text20                              3D4      3D4       15      4F2       0
                text19                              378      378       19      4F2       0
                text18                              1BA      1BA       3B        8       0
                text17                              3A8      3A8       17      4F2       0
                text16                              324      324       1E      4F2       0
                text15                              400      400        6      4F2       0
                text14                              35D      35D       1B      4F2       0
                text13                              342      342       1B      4F2       0
                text12                              1F5      1F5       33        8       0
                text11                              228      228       29        8       0
                text10                              305      305       1F      4F2       0
                text9                               279      279       24      4F2       0
                text8                                C7       C7       5B        8       0
                text7                               3BF      3BF       15      4F2       0
                text6                               40A      40A        3      4F2       0
                text5                               174      174       46        8       0
                text4                               122      122       52        8       0
                text3                                26       26       A1        8       0
                text2                               2C0      2C0       23      4F2       0
                text1                               391      391       17      4F2       0
                maintext                            29D      29D       23      4F2       0
                cstackBANK0                          42       42        E       20       1
                cstackCOMMON                         70       70        7       70       1
                inittext                            3E9      3E9        F      4F2       0
                dataBANK0                            20       20       22       20       1
                bssBANK0                             50       50        6       20       1
                bssCOMMON                            77       77        3       70       1
                strings                             251      251       28      4A2       0
                idataBANK0                          2E3      2E3       22      4F2       0

TOTAL           Name                               Link     Load   Length     Space
        CLASS   STACK          

        CLASS   CODE           
                end_init                             10       10        1         0
                cinit                                11       11       15         0
                intentry                              4        4        C         0
                reset_vec                             0        0        1         0
                text22                              3F8      3F8        8         0
                text21                              406      406        4         0
                text20                              3D4      3D4       15         0
                text19                              378      378       19         0
                text18                              1BA      1BA       3B         0
                text17                              3A8      3A8       17         0
                text16                              324      324       1E         0
                text15                              400      400        6         0
                text14                              35D      35D       1B         0
                text13                              342      342       1B         0
                text12                              1F5      1F5       33         0
                text11                              228      228       29         0
                text10                              305      305       1F         0
                text9                               279      279       24         0
                text8                                C7       C7       5B         0
                text7                               3BF      3BF       15         0
                text6                               40A      40A        3         0
                text5                               174      174       46         0
                text4                               122      122       52         0
                text3                                26       26       A1         0
                text2                               2C0      2C0       23         0
                text1                               391      391       17         0
                maintext                            29D      29D       23         0
                inittext                            3E9      3E9        F         0
                idataBANK0                          2E3      2E3       22         0

        CLASS   STRCODE        

        CLASS   STRING         
                strings                             251      251       28         0

        CLASS   CONST          

        CLASS   ENTRY          

        CLASS   COMMON         
                cstackCOMMON                         70       70        7         1
                bssCOMMON                            77       77        3         1

        CLASS   BANK0          
                cstackBANK0                          42       42        E         1
                dataBANK0                            20       20       22         1
                bssBANK0                             50       50        6         1

        CLASS   BANK1          

        CLASS   BANK2          

        CLASS   RAM            

        CLASS   ABS1           
                abs_s1                               7E       7E        2         1

        CLASS   SFR0           

        CLASS   SFR1           

        CLASS   SFR2           

        CLASS   SFR3           

        CLASS   CONFIG         
                config                             2007     2007        1         0

        CLASS   IDLOC          
                idloc                              2000     2000        4         0

        CLASS   EEDATA         

        CLASS   BANK3          



SEGMENTS        Name                           Load    Length   Top    Selector   Space  Class     Delta

                reset_vec                      000000  000001  000001         0       0  CODE        2
                intentry                       000004  00024D  000251         8       0  CODE        2
                dataBANK0                      000020  000036  000056        20       1  BANK0       1
                cstackCOMMON                   000070  00000A  00007A        70       1  COMMON      1
                strings                        000251  000028  000279       4A2       0  STRING      2
                text9                          000279  000194  00040D       4F2       0  CODE        2
                idloc                          002000  000004  002004      4000       0  IDLOC       2
                config                         002007  000001  002008      400E       0  CONFIG      2


UNUSED ADDRESS RANGES

        Name                Unused          Largest block    Delta
        BANK0            0056-006F             1A           1
        BANK1            00A0-00EF             50           1
        BANK2            0120-014F             30           1
        CODE             0001-0003              3           2
                         040D-07FF            3F3
        COMMON           007A-007D              4           1
        CONST            0001-0003              3           2
                         040D-07FF            100
        EEDATA           2100-217F             80           2
        ENTRY            0001-0003              3           2
                         040D-07FF            100
        RAM              0056-006F             1A           1
                         00A0-00EF             50
                         0120-014F             30
        SFR0             0000-001F             20           1
        SFR1             0080-009F             20           1
        SFR2             0100-011F             20           1
        SFR3             0180-01EF             70           1
        STACK            00A0-00EF             50           1
        STRCODE          0001-0003              3           2
                         040D-07FF            3F3
        STRING           0001-0003              3           2
                         040D-07FF            100

                                  Symbol Table

?___awdiv                  cstackBANK0  0042
DisplayLcdScreen@i         cstackBANK0  004E
LcdPrintCharS@c            cstackCOMMON 0075
LcdPrintCharS@x            cstackCOMMON 0076
LcdPrintCharS@y            cstackCOMMON 0074
LcdPrintStringS@string     cstackBANK0  0047
LcdPrintStringS@x          cstackBANK0  0048
LcdPrintStringS@y          cstackBANK0  0046
SetTimer1_ms@time          cstackBANK0  004A
_CMCON                     (abs)        001F
_DisplayLcdScreen          text12       01F5
_GIE                       (abs)        005F
_INTCONbits                (abs)        000B
_ISR                       text19       0378
_LcdPrintCharS             text11       0228
_LcdPrintStringS           text9        0279
_LcdScreen                 dataBANK0    0020
_PCONbits                  (abs)        008E
_PEIE                      (abs)        005E
_PORTB                     (abs)        0006
_SetTimer1_ms              text7        03BF
_T1CONbits                 (abs)        0010
_TMR1                      (abs)        000E
_TMR1IE                    (abs)        0460
_TMR1IF                    (abs)        0060
_TRISB                     (abs)        0086
__CFG_BOREN$OFF            (abs)        0000
__CFG_CP$OFF               (abs)        0000
__CFG_CPD$OFF              (abs)        0000
__CFG_FOSC$INTOSCIO        (abs)        0000
__CFG_LVP$OFF              (abs)        0000
__CFG_MCLRE$OFF            (abs)        0000
__CFG_PWRTE$OFF            (abs)        0000
__CFG_WDTE$OFF             (abs)        0000
__Habs1                    abs1         0000
__Hbank0                   bank0        0000
__Hbank1                   bank1        0000
__Hbank2                   bank2        0000
__Hbank3                   bank3        0000
__HbssBANK0                bssBANK0     0000
__HbssCOMMON               bssCOMMON    0000
__Hcinit                   cinit        0026
__Hclrtext                 clrtext      0000
__Hcode                    code         0000
__Hcommon                  common       0000
__Hconfig                  config       2008
__HcstackBANK0             cstackBANK0  0000
__HcstackCOMMON            cstackCOMMON 0000
__HdataBANK0               dataBANK0    0000
__Heeprom_data             eeprom_data  0000
__Hend_init                end_init     0011
__Hfunctab                 functab      0000
__HidataBANK0              idataBANK0   0000
__Hidloc                   idloc        2004
__Hinit                    init         0010
__Hinittext                inittext     0000
__Hintentry                intentry     0010
__Hmaintext                maintext     0000
__Hpowerup                 powerup      0000
__Hram                     ram          0000
__Hreset_vec               reset_vec    0001
__Hsfr0                    sfr0         0000
__Hsfr1                    sfr1         0000
__Hsfr2                    sfr2         0000
__Hsfr3                    sfr3         0000
__Hspace_0                 (abs)        2008
__Hspace_1                 (abs)        007A
__Hspace_2                 (abs)        0000
__Hspace_3                 (abs)        0000
__Hstack                   stack        0000
__Hstrings                 strings      0000
__Htext                    text         0000
__Labs1                    abs1         0000
__Lbank0                   bank0        0000
__Lbank1                   bank1        0000
__Lbank2                   bank2        0000
__Lbank3                   bank3        0000
__LbssBANK0                bssBANK0     0000
__LbssCOMMON               bssCOMMON    0000
__Lcinit                   cinit        0011
__Lclrtext                 clrtext      0000
__Lcode                    code         0000
__Lcommon                  common       0000
__Lconfig                  config       2007
__LcstackBANK0             cstackBANK0  0000
__LcstackCOMMON            cstackCOMMON 0000
__LdataBANK0               dataBANK0    0000
__Leeprom_data             eeprom_data  0000
__Lend_init                end_init     0010
__Lfunctab                 functab      0000
__LidataBANK0              idataBANK0   0000
__Lidloc                   idloc        2000
__Linit                    init         0010
__Linittext                inittext     0000
__Lintentry                intentry     0004
__Lmaintext                maintext     0000
__Lpowerup                 powerup      0000
__Lram                     ram          0000
__Lreset_vec               reset_vec    0000
__Lsfr0                    sfr0         0000
__Lsfr1                    sfr1         0000
__Lsfr2                    sfr2         0000
__Lsfr3                    sfr3         0000
__Lspace_0                 (abs)        0000
__Lspace_1                 (abs)        0000
__Lspace_2                 (abs)        0000
__Lspace_3                 (abs)        0000
__Lstack                   stack        0000
__Lstrings                 strings      0000
__Ltext                    text         0000
__S0                       (abs)        2008
__S1                       (abs)        007A
__S2                       (abs)        0000
__S3                       (abs)        0000
___awdiv                   text8        00C7
___awdiv@counter           cstackBANK0  0046
___awdiv@dividend          cstackBANK0  0044
___awdiv@divisor           cstackBANK0  0042
___awdiv@quotient          cstackBANK0  0048
___awdiv@sign              cstackBANK0  0047
___int_sp                  stack        0000
___latbits                 (abs)        0000
___sp                      stack        0000
__end_of_DisplayLcdScreen  text12       0228
__end_of_ISR               text19       0391
__end_of_LcdPrintCharS     text11       0251
__end_of_LcdPrintStringS   text9        029D
__end_of_SetTimer1_ms      text7        03D4
__end_of___awdiv           text8        0122
__end_of__initialization   cinit        0024
__end_of__stringtab        strings      0257
__end_of_init_interrupt    text6        040D
__end_of_init_lcd          text3        00C7
__end_of_init_system       text1        03A8
__end_of_init_timer1       text2        02E3
__end_of_lcd_delay         text18       01F5
__end_of_lcd_print_char    text15       0406
__end_of_lcd_print_charS   text10       0324
__end_of_lcd_send_command  text4        0174
__end_of_lcd_set_cursor    text13       035D
__end_of_lcd_write_4bits   text17       03BF
__end_of_lcd_write_cmd     text14       0378
__end_of_lcd_write_data    text16       0342
__end_of_main              maintext     02C0
__end_of_start_timer1      text22       0400
__end_of_stop_timer1       text21       040A
__end_of_timer1_isr        text20       03E9
__end_of_v_timer0          text5        01BA
__initialization           cinit        0011
__pbssBANK0                bssBANK0     0050
__pbssCOMMON               bssCOMMON    0077
__pcstackBANK0             cstackBANK0  0042
__pcstackCOMMON            cstackCOMMON 0070
__pdataBANK0               dataBANK0    0020
__pidataBANK0              idataBANK0   02E3
__pintentry                intentry     0004
__pmaintext                maintext     029D
__pstrings                 strings      0251
__ptext1                   text1        0391
__ptext10                  text10       0305
__ptext11                  text11       0228
__ptext12                  text12       01F5
__ptext13                  text13       0342
__ptext14                  text14       035D
__ptext15                  text15       0400
__ptext16                  text16       0324
__ptext17                  text17       03A8
__ptext18                  text18       01BA
__ptext19                  text19       0378
__ptext2                   text2        02C0
__ptext20                  text20       03D4
__ptext21                  text21       0406
__ptext22                  text22       03F8
__ptext3                   text3        0026
__ptext4                   text4        0122
__ptext5                   text5        0174
__ptext6                   text6        040A
__ptext7                   text7        03BF
__ptext8                   text8        00C7
__ptext9                   text9        0279
__size_of_DisplayLcdScreen (abs)        0000
__size_of_ISR              (abs)        0000
__size_of_LcdPrintCharS    (abs)        0000
__size_of_LcdPrintStringS  (abs)        0000
__size_of_SetTimer1_ms     (abs)        0000
__size_of___awdiv          (abs)        0000
__size_of_init_interrupt   (abs)        0000
__size_of_init_lcd         (abs)        0000
__size_of_init_system      (abs)        0000
__size_of_init_timer1      (abs)        0000
__size_of_lcd_delay        (abs)        0000
__size_of_lcd_print_char   (abs)        0000
__size_of_lcd_print_charS  (abs)        0000
__size_of_lcd_send_command (abs)        0000
__size_of_lcd_set_cursor   (abs)        0000
__size_of_lcd_write_4bits  (abs)        0000
__size_of_lcd_write_cmd    (abs)        0000
__size_of_lcd_write_data   (abs)        0000
__size_of_main             (abs)        0000
__size_of_start_timer1     (abs)        0000
__size_of_stop_timer1      (abs)        0000
__size_of_timer1_isr       (abs)        0000
__size_of_v_timer0         (abs)        0000
__stringbase               strings      0256
__stringtab                strings      0251
_current_col               bssBANK0     0050
_current_row               bssCOMMON    0077
_flag_timer1               bssCOMMON    0079
_init_interrupt            text6        040A
_init_lcd                  text3        0026
_init_system               text1        0391
_init_timer1               text2        02C0
_lcd_delay                 text18       01BA
_lcd_print_char            text15       0400
_lcd_print_charS           text10       0305
_lcd_send_command          text4        0122
_lcd_set_cursor            text13       0342
_lcd_write_4bits           text17       03A8
_lcd_write_cmd             text14       035D
_lcd_write_data            text16       0324
_main                      maintext     029D
_start_timer1              text22       03F8
_stop_timer1               text21       0406
_time1_MUL                 dataBANK0    0040
_timer1_cnt                bssBANK0     0052
_timer1_isr                text20       03D4
_timer1_value              bssBANK0     0054
_v_timer0                  text5        0174
btemp                      (abs)        007E
end_of_initialization      cinit        0024
init_fetch0                inittext     03E9
init_ram0                  inittext     03ED
init_timer1@count          cstackCOMMON 0074
interrupt_function         intentry     0004
intlevel0                  functab      0000
intlevel1                  functab      0000
intlevel2                  functab      0000
intlevel3                  functab      0000
intlevel4                  functab      0000
intlevel5                  functab      0000
lcd_delay@i                cstackBANK0  0043
lcd_delay@j                cstackBANK0  0045
lcd_delay@time             cstackBANK0  0042
lcd_print_char@c           cstackBANK0  0049
lcd_print_charS@c          cstackCOMMON 0074
lcd_send_command@cmd       cstackCOMMON 0076
lcd_set_cursor@address     cstackBANK0  004C
lcd_set_cursor@column      cstackBANK0  0049
lcd_set_cursor@row         cstackBANK0  004B
lcd_write_4bits@dat        cstackCOMMON 0076
lcd_write_cmd@cmd          cstackBANK0  0048
lcd_write_data@data        cstackBANK0  0048
ltemp                      (abs)        007E
ltemp0                     (abs)        007E
ltemp1                     (abs)        0082
ltemp2                     (abs)        0086
ltemp3                     (abs)        0080
reset_vec                  reset_vec    0000
saved_w                    (abs)        007E
stackhi                    (abs)        0000
stacklo                    (abs)        0000
start                      init         0010
start_initialization       cinit        0011
ttemp                      (abs)        007E
ttemp0                     (abs)        007E
ttemp1                     (abs)        0081
ttemp2                     (abs)        0084
ttemp3                     (abs)        0087
ttemp4                     (abs)        007F
v_timer0@i                 cstackBANK0  004A
v_timer0@j                 cstackBANK0  004C
v_timer0@time              cstackBANK0  0042
wtemp                      (abs)        007E
wtemp0                     (abs)        007E
wtemp1                     (abs)        0080
wtemp2                     (abs)        0082
wtemp3                     (abs)        0084
wtemp4                     (abs)        0086
wtemp5                     (abs)        0088
wtemp6                     (abs)        007F


FUNCTION INFORMATION:

 *************** function _main *****************
 Defined at:
		line 21 in file "main.c"
 Parameters:    Size  Location     Type
		None
 Auto vars:     Size  Location     Type
		None
 Return value:  Size  Location     Type
                  1    wreg      void 
 Registers used:
		wreg, fsr0l, fsr0h, status,2, status,0, btemp+1, pclath, cstack
 Tracked objects:
		On entry : 
		On exit  : 
		Unchanged: 
 Data sizes:     COMMON   BANK0   BANK1   BANK2
      Params:         0       0       0       0
      Locals:         0       0       0       0
      Temps:          0       1       0       0
      Totals:         0       1       0       0
Total ram usage:        1 bytes
 Hardware stack levels required when called:    7
 This function calls:
		_DisplayLcdScreen
		_LcdPrintCharS
		_LcdPrintStringS
		_init_system
 This function is called by:
		Startup code after reset
 This function uses a non-reentrant model


 *************** function _init_system *****************
 Defined at:
		line 41 in file "main.c"
 Parameters:    Size  Location     Type
		None
 Auto vars:     Size  Location     Type
		None
 Return value:  Size  Location     Type
                  1    wreg      void 
 Registers used:
		wreg, status,2, status,0, btemp+1, pclath, cstack
 Tracked objects:
		On entry : 
		On exit  : 
		Unchanged: 
 Data sizes:     COMMON   BANK0   BANK1   BANK2
      Params:         0       0       0       0
      Locals:         0       0       0       0
      Temps:          0       0       0       0
      Totals:         0       0       0       0
Total ram usage:        0 bytes
 Hardware stack levels used:    1
 Hardware stack levels required when called:    5
 This function calls:
		_SetTimer1_ms
		_init_interrupt
		_init_lcd
		_init_timer1
 This function is called by:
		_main
 This function uses a non-reentrant model


 *************** function _init_timer1 *****************
 Defined at:
		line 8 in file "timer.c"
 Parameters:    Size  Location     Type
  count           2    4[COMMON] unsigned int 
 Auto vars:     Size  Location     Type
		None
 Return value:  Size  Location     Type
                  1    wreg      void 
 Registers used:
		wreg, status,2, status,0
 Tracked objects:
		On entry : 
		On exit  : 
		Unchanged: 
 Data sizes:     COMMON   BANK0   BANK1   BANK2
      Params:         2       0       0       0
      Locals:         0       0       0       0
      Temps:          0       2       0       0
      Totals:         2       2       0       0
Total ram usage:        4 bytes
 Hardware stack levels used:    1
 Hardware stack levels required when called:    2
 This function calls:
		Nothing
 This function is called by:
		_init_system
 This function uses a non-reentrant model


 *************** function _init_lcd *****************
 Defined at:
		line 52 in file "lcd.c"
 Parameters:    Size  Location     Type
		None
 Auto vars:     Size  Location     Type
		None
 Return value:  Size  Location     Type
                  1    wreg      void 
 Registers used:
		wreg, status,2, status,0, btemp+1, pclath, cstack
 Tracked objects:
		On entry : 
		On exit  : 
		Unchanged: 
 Data sizes:     COMMON   BANK0   BANK1   BANK2
      Params:         0       0       0       0
      Locals:         0       0       0       0
      Temps:          0       1       0       0
      Totals:         0       1       0       0
Total ram usage:        1 bytes
 Hardware stack levels used:    1
 Hardware stack levels required when called:    4
 This function calls:
		_lcd_send_command
		_v_timer0
 This function is called by:
		_init_system
 This function uses a non-reentrant model


 *************** function _lcd_send_command *****************
 Defined at:
		line 33 in file "lcd.c"
 Parameters:    Size  Location     Type
  cmd             1    wreg     unsigned char 
 Auto vars:     Size  Location     Type
  cmd             1    6[COMMON] unsigned char 
 Return value:  Size  Location     Type
                  1    wreg      void 
 Registers used:
		wreg, status,2, status,0, btemp+1, pclath, cstack
 Tracked objects:
		On entry : 
		On exit  : 
		Unchanged: 
 Data sizes:     COMMON   BANK0   BANK1   BANK2
      Params:         0       0       0       0
      Locals:         1       0       0       0
      Temps:          2       0       0       0
      Totals:         3       0       0       0
Total ram usage:        3 bytes
 Hardware stack levels used:    1
 Hardware stack levels required when called:    3
 This function calls:
		_v_timer0
 This function is called by:
		_init_lcd
 This function uses a non-reentrant model


 *************** function _v_timer0 *****************
 Defined at:
		line 17 in file "lcd.c"
 Parameters:    Size  Location     Type
  time            4    0[BANK0 ] unsigned long 
 Auto vars:     Size  Location     Type
  j               2   10[BANK0 ] int 
  i               2    8[BANK0 ] int 
 Return value:  Size  Location     Type
                  1    wreg      void 
 Registers used:
		wreg, status,2, btemp+1
 Tracked objects:
		On entry : 
		On exit  : 
		Unchanged: 
 Data sizes:     COMMON   BANK0   BANK1   BANK2
      Params:         0       4       0       0
      Locals:         0       4       0       0
      Temps:          0       4       0       0
      Totals:         0      12       0       0
Total ram usage:       12 bytes
 Hardware stack levels used:    1
 Hardware stack levels required when called:    2
 This function calls:
		Nothing
 This function is called by:
		_lcd_send_command
		_init_lcd
 This function uses a non-reentrant model


 *************** function _init_interrupt *****************
 Defined at:
		line 4 in file "interrupt.c"
 Parameters:    Size  Location     Type
		None
 Auto vars:     Size  Location     Type
		None
 Return value:  Size  Location     Type
                  1    wreg      void 
 Registers used:
		None
 Tracked objects:
		On entry : 
		On exit  : 
		Unchanged: 
 Data sizes:     COMMON   BANK0   BANK1   BANK2
      Params:         0       0       0       0
      Locals:         0       0       0       0
      Temps:          0       0       0       0
      Totals:         0       0       0       0
Total ram usage:        0 bytes
 Hardware stack levels used:    1
 Hardware stack levels required when called:    2
 This function calls:
		Nothing
 This function is called by:
		_init_system
 This function uses a non-reentrant model


 *************** function _SetTimer1_ms *****************
 Defined at:
		line 47 in file "timer.c"
 Parameters:    Size  Location     Type
  time            2    8[BANK0 ] int 
 Auto vars:     Size  Location     Type
		None
 Return value:  Size  Location     Type
                  1    wreg      void 
 Registers used:
		wreg, status,2, status,0, pclath, cstack
 Tracked objects:
		On entry : 
		On exit  : 
		Unchanged: 
 Data sizes:     COMMON   BANK0   BANK1   BANK2
      Params:         0       2       0       0
      Locals:         0       0       0       0
      Temps:          0       0       0       0
      Totals:         0       2       0       0
Total ram usage:        2 bytes
 Hardware stack levels used:    1
 Hardware stack levels required when called:    3
 This function calls:
		___awdiv
 This function is called by:
		_init_system
 This function uses a non-reentrant model


 *************** function ___awdiv *****************
 Defined at:
		line 6 in file "C:\Program Files (x86)\Microchip\xc8\v1.36\sources\common\awdiv.c"
 Parameters:    Size  Location     Type
  divisor         2    0[BANK0 ] int 
  dividend        2    2[BANK0 ] int 
 Auto vars:     Size  Location     Type
  quotient        2    6[BANK0 ] int 
  sign            1    5[BANK0 ] unsigned char 
  counter         1    4[BANK0 ] unsigned char 
 Return value:  Size  Location     Type
                  2    0[BANK0 ] int 
 Registers used:
		wreg, status,2, status,0
 Tracked objects:
		On entry : 
		On exit  : 
		Unchanged: 
 Data sizes:     COMMON   BANK0   BANK1   BANK2
      Params:         0       4       0       0
      Locals:         0       4       0       0
      Temps:          1       0       0       0
      Totals:         1       8       0       0
Total ram usage:        9 bytes
 Hardware stack levels used:    1
 Hardware stack levels required when called:    2
 This function calls:
		Nothing
 This function is called by:
		_SetTimer1_ms
 This function uses a non-reentrant model


 *************** function _LcdPrintStringS *****************
 Defined at:
		line 200 in file "lcd.c"
 Parameters:    Size  Location     Type
  x               1    wreg     unsigned char 
  y               1    4[BANK0 ] unsigned char 
  string          1    5[BANK0 ] PTR const unsigned char 
		 -> STR_2(17), STR_1(17), 
 Auto vars:     Size  Location     Type
  x               1    6[BANK0 ] unsigned char 
 Return value:  Size  Location     Type
                  1    wreg      void 
 Registers used:
		wreg, fsr0l, fsr0h, status,2, status,0, pclath, cstack
 Tracked objects:
		On entry : 
		On exit  : 
		Unchanged: 
 Data sizes:     COMMON   BANK0   BANK1   BANK2
      Params:         0       2       0       0
      Locals:         0       1       0       0
      Temps:          2       0       0       0
      Totals:         2       3       0       0
Total ram usage:        5 bytes
 Hardware stack levels used:    1
 Hardware stack levels required when called:    3
 This function calls:
		_lcd_print_charS
 This function is called by:
		_main
 This function uses a non-reentrant model


 *************** function _lcd_print_charS *****************
 Defined at:
		line 153 in file "lcd.c"
 Parameters:    Size  Location     Type
  c               1    wreg     unsigned char 
 Auto vars:     Size  Location     Type
  c               1    4[COMMON] unsigned char 
 Return value:  Size  Location     Type
                  1    wreg      void 
 Registers used:
		wreg, fsr0l, fsr0h, status,2, status,0
 Tracked objects:
		On entry : 
		On exit  : 
		Unchanged: 
 Data sizes:     COMMON   BANK0   BANK1   BANK2
      Params:         0       0       0       0
      Locals:         1       0       0       0
      Temps:          0       4       0       0
      Totals:         1       4       0       0
Total ram usage:        5 bytes
 Hardware stack levels used:    1
 Hardware stack levels required when called:    2
 This function calls:
		Nothing
 This function is called by:
		_LcdPrintStringS
		_LcdPrintNumS
 This function uses a non-reentrant model


 *************** function _LcdPrintCharS *****************
 Defined at:
		line 159 in file "lcd.c"
 Parameters:    Size  Location     Type
  x               1    wreg     unsigned char 
  y               1    4[COMMON] unsigned char 
  c               1    5[COMMON] unsigned char 
 Auto vars:     Size  Location     Type
  x               1    6[COMMON] unsigned char 
 Return value:  Size  Location     Type
                  1    wreg      void 
 Registers used:
		wreg, fsr0l, fsr0h, status,2, status,0
 Tracked objects:
		On entry : 
		On exit  : 
		Unchanged: 
 Data sizes:     COMMON   BANK0   BANK1   BANK2
      Params:         2       0       0       0
      Locals:         1       0       0       0
      Temps:          0       4       0       0
      Totals:         3       4       0       0
Total ram usage:        7 bytes
 Hardware stack levels used:    1
 Hardware stack levels required when called:    2
 This function calls:
		Nothing
 This function is called by:
		_main
 This function uses a non-reentrant model


 *************** function _DisplayLcdScreen *****************
 Defined at:
		line 142 in file "lcd.c"
 Parameters:    Size  Location     Type
		None
 Auto vars:     Size  Location     Type
  i               1   12[BANK0 ] unsigned char 
 Return value:  Size  Location     Type
                  1    wreg      void 
 Registers used:
		wreg, fsr0l, fsr0h, status,2, status,0, btemp+1, pclath, cstack
 Tracked objects:
		On entry : 
		On exit  : 
		Unchanged: 
 Data sizes:     COMMON   BANK0   BANK1   BANK2
      Params:         0       0       0       0
      Locals:         0       1       0       0
      Temps:          0       1       0       0
      Totals:         0       2       0       0
Total ram usage:        2 bytes
 Hardware stack levels used:    1
 Hardware stack levels required when called:    6
 This function calls:
		_lcd_print_char
		_lcd_set_cursor
 This function is called by:
		_main
 This function uses a non-reentrant model


 *************** function _lcd_set_cursor *****************
 Defined at:
		line 118 in file "lcd.c"
 Parameters:    Size  Location     Type
  row             1    wreg     unsigned char 
  column          1    7[BANK0 ] unsigned char 
 Auto vars:     Size  Location     Type
  row             1    9[BANK0 ] unsigned char 
  address         1   10[BANK0 ] unsigned char 
 Return value:  Size  Location     Type
                  1    wreg      void 
 Registers used:
		wreg, fsr0l, fsr0h, status,2, status,0, btemp+1, pclath, cstack
 Tracked objects:
		On entry : 
		On exit  : 
		Unchanged: 
 Data sizes:     COMMON   BANK0   BANK1   BANK2
      Params:         0       1       0       0
      Locals:         0       2       0       0
      Temps:          0       1       0       0
      Totals:         0       4       0       0
Total ram usage:        4 bytes
 Hardware stack levels used:    1
 Hardware stack levels required when called:    5
 This function calls:
		_lcd_write_cmd
 This function is called by:
		_DisplayLcdScreen
		_lcd_clear
 This function uses a non-reentrant model


 *************** function _lcd_write_cmd *****************
 Defined at:
		line 101 in file "lcd.c"
 Parameters:    Size  Location     Type
  cmd             1    wreg     unsigned char 
 Auto vars:     Size  Location     Type
  cmd             1    6[BANK0 ] unsigned char 
 Return value:  Size  Location     Type
                  1    wreg      void 
 Registers used:
		wreg, status,2, status,0, btemp+1, pclath, cstack
 Tracked objects:
		On entry : 
		On exit  : 
		Unchanged: 
 Data sizes:     COMMON   BANK0   BANK1   BANK2
      Params:         0       0       0       0
      Locals:         0       1       0       0
      Temps:          0       1       0       0
      Totals:         0       2       0       0
Total ram usage:        2 bytes
 Hardware stack levels used:    1
 Hardware stack levels required when called:    4
 This function calls:
		_lcd_delay
		_lcd_write_4bits
 This function is called by:
		_lcd_set_cursor
		_lcd_clear
 This function uses a non-reentrant model


 *************** function _lcd_print_char *****************
 Defined at:
		line 137 in file "lcd.c"
 Parameters:    Size  Location     Type
  c               1    wreg     unsigned char 
 Auto vars:     Size  Location     Type
  c               1    7[BANK0 ] unsigned char 
 Return value:  Size  Location     Type
                  1    wreg      void 
 Registers used:
		wreg, status,2, status,0, btemp+1, pclath, cstack
 Tracked objects:
		On entry : 
		On exit  : 
		Unchanged: 
 Data sizes:     COMMON   BANK0   BANK1   BANK2
      Params:         0       0       0       0
      Locals:         0       1       0       0
      Temps:          0       0       0       0
      Totals:         0       1       0       0
Total ram usage:        1 bytes
 Hardware stack levels used:    1
 Hardware stack levels required when called:    5
 This function calls:
		_lcd_write_data
 This function is called by:
		_DisplayLcdScreen
 This function uses a non-reentrant model


 *************** function _lcd_write_data *****************
 Defined at:
		line 109 in file "lcd.c"
 Parameters:    Size  Location     Type
  data            1    wreg     unsigned char 
 Auto vars:     Size  Location     Type
  data            1    6[BANK0 ] unsigned char 
 Return value:  Size  Location     Type
                  1    wreg      void 
 Registers used:
		wreg, status,2, status,0, btemp+1, pclath, cstack
 Tracked objects:
		On entry : 
		On exit  : 
		Unchanged: 
 Data sizes:     COMMON   BANK0   BANK1   BANK2
      Params:         0       0       0       0
      Locals:         0       1       0       0
      Temps:          0       1       0       0
      Totals:         0       2       0       0
Total ram usage:        2 bytes
 Hardware stack levels used:    1
 Hardware stack levels required when called:    4
 This function calls:
		_lcd_delay
		_lcd_write_4bits
 This function is called by:
		_lcd_print_char
 This function uses a non-reentrant model


 *************** function _lcd_write_4bits *****************
 Defined at:
		line 92 in file "lcd.c"
 Parameters:    Size  Location     Type
  dat             1    wreg     unsigned char 
 Auto vars:     Size  Location     Type
  dat             1    6[COMMON] unsigned char 
 Return value:  Size  Location     Type
                  1    wreg      void 
 Registers used:
		wreg, status,2, status,0, btemp+1, pclath, cstack
 Tracked objects:
		On entry : 
		On exit  : 
		Unchanged: 
 Data sizes:     COMMON   BANK0   BANK1   BANK2
      Params:         0       0       0       0
      Locals:         1       0       0       0
      Temps:          1       0       0       0
      Totals:         2       0       0       0
Total ram usage:        2 bytes
 Hardware stack levels used:    1
 Hardware stack levels required when called:    3
 This function calls:
		_lcd_delay
 This function is called by:
		_lcd_write_cmd
		_lcd_write_data
 This function uses a non-reentrant model


 *************** function _lcd_delay *****************
 Defined at:
		line 10 in file "lcd.c"
 Parameters:    Size  Location     Type
  time            1    wreg     unsigned char 
 Auto vars:     Size  Location     Type
  time            1    0[BANK0 ] unsigned char 
  j               2    3[BANK0 ] int 
  i               2    1[BANK0 ] int 
 Return value:  Size  Location     Type
                  1    wreg      void 
 Registers used:
		wreg, status,2, btemp+1
 Tracked objects:
		On entry : 
		On exit  : 
		Unchanged: 
 Data sizes:     COMMON   BANK0   BANK1   BANK2
      Params:         0       0       0       0
      Locals:         0       5       0       0
      Temps:          1       0       0       0
      Totals:         1       5       0       0
Total ram usage:        6 bytes
 Hardware stack levels used:    1
 Hardware stack levels required when called:    2
 This function calls:
		Nothing
 This function is called by:
		_lcd_write_4bits
		_lcd_write_cmd
		_lcd_write_data
 This function uses a non-reentrant model


 *************** function _ISR *****************
 Defined at:
		line 12 in file "main.c"
 Parameters:    Size  Location     Type
		None
 Auto vars:     Size  Location     Type
		None
 Return value:  Size  Location     Type
                  1    wreg      void 
 Registers used:
		wreg, status,2, status,0, pclath, cstack
 Tracked objects:
		On entry : 
		On exit  : 
		Unchanged: 
 Data sizes:     COMMON   BANK0   BANK1   BANK2
      Params:         0       0       0       0
      Locals:         0       0       0       0
      Temps:          4       0       0       0
      Totals:         4       0       0       0
Total ram usage:        4 bytes
 Hardware stack levels used:    1
 Hardware stack levels required when called:    1
 This function calls:
		_start_timer1
		_stop_timer1
		_timer1_isr
 This function is called by:
		Interrupt level 1
 This function uses a non-reentrant model


 *************** function _timer1_isr *****************
 Defined at:
		line 36 in file "timer.c"
 Parameters:    Size  Location     Type
		None
 Auto vars:     Size  Location     Type
		None
 Return value:  Size  Location     Type
                  1    wreg      void 
 Registers used:
		wreg, status,2
 Tracked objects:
		On entry : 
		On exit  : 
		Unchanged: 
 Data sizes:     COMMON   BANK0   BANK1   BANK2
      Params:         0       0       0       0
      Locals:         0       0       0       0
      Temps:          0       0       0       0
      Totals:         0       0       0       0
Total ram usage:        0 bytes
 Hardware stack levels used:    1
 This function calls:
		Nothing
 This function is called by:
		_ISR
 This function uses a non-reentrant model


 *************** function _stop_timer1 *****************
 Defined at:
		line 32 in file "timer.c"
 Parameters:    Size  Location     Type
		None
 Auto vars:     Size  Location     Type
		None
 Return value:  Size  Location     Type
                  1    wreg      void 
 Registers used:
		None
 Tracked objects:
		On entry : 
		On exit  : 
		Unchanged: 
 Data sizes:     COMMON   BANK0   BANK1   BANK2
      Params:         0       0       0       0
      Locals:         0       0       0       0
      Temps:          0       0       0       0
      Totals:         0       0       0       0
Total ram usage:        0 bytes
 Hardware stack levels used:    1
 This function calls:
		Nothing
 This function is called by:
		_ISR
 This function uses a non-reentrant model


 *************** function _start_timer1 *****************
 Defined at:
		line 26 in file "timer.c"
 Parameters:    Size  Location     Type
		None
 Auto vars:     Size  Location     Type
		None
 Return value:  Size  Location     Type
                  1    wreg      void 
 Registers used:
		wreg
 Tracked objects:
		On entry : 
		On exit  : 
		Unchanged: 
 Data sizes:     COMMON   BANK0   BANK1   BANK2
      Params:         0       0       0       0
      Locals:         0       0       0       0
      Temps:          0       0       0       0
      Totals:         0       0       0       0
Total ram usage:        0 bytes
 Hardware stack levels used:    1
 This function calls:
		Nothing
 This function is called by:
		_ISR
 This function uses a non-reentrant model



MODULE INFORMATION

Module		Function		Class		Link	Load	Size
C:\Program Files (x86)\Microchip\xc8\v1.36\sources\common\awdiv.c
		___awdiv       		CODE           	00C7	0000	92

C:\Program Files (x86)\Microchip\xc8\v1.36\sources\common\awdiv.c estimated size: 92

timer.c
		_start_timer1  		CODE           	03F8	0000	9
		_SetTimer1_ms  		CODE           	03BF	0000	22
		_init_timer1   		CODE           	02C0	0000	36
		_stop_timer1   		CODE           	0406	0000	5
		_timer1_isr    		CODE           	03D4	0000	22

timer.c estimated size: 94

interrupt.c
		_init_interrupt		CODE           	040A	0000	4

interrupt.c estimated size: 4

shared
		__stringtab    		STRING         	0251	0000	7
		__initialization		CODE           	0011	0000	20

shared estimated size: 27

lcd.c
		_lcd_write_data		CODE           	0324	0000	31
		_lcd_print_charS		CODE           	0305	0000	32
		_lcd_delay     		CODE           	01BA	0000	60
		_LcdPrintStringS		CODE           	0279	0000	37
		_lcd_send_command		CODE           	0122	0000	83
		_v_timer0      		CODE           	0174	0000	71
		_lcd_write_4bits		CODE           	03A8	0000	24
		_lcd_set_cursor		CODE           	0342	0000	28
		_init_lcd      		CODE           	0026	0000	162
		_LcdPrintCharS 		CODE           	0228	0000	42
		_lcd_print_char		CODE           	0400	0000	7
		_lcd_write_cmd 		CODE           	035D	0000	28
		_DisplayLcdScreen		CODE           	01F5	0000	52

lcd.c estimated size: 657

main.c
		_ISR           		CODE           	0378	0000	26
		_init_system   		CODE           	0391	0000	24
		_main          		CODE           	029D	0000	36

main.c estimated size: 86

